Archive member included to satisfy reference by file (symbol)

d:/program files/truestudio for stm32 9.2.0/armtools/bin/../lib/gcc/arm-atollic-eabi/6.3.1/../../../../arm-atollic-eabi/lib/armv7e-m/fpu\libc_nano.a(lib_a-errno.o)
                              Src\syscalls.o (__errno)
d:/program files/truestudio for stm32 9.2.0/armtools/bin/../lib/gcc/arm-atollic-eabi/6.3.1/../../../../arm-atollic-eabi/lib/armv7e-m/fpu\libc_nano.a(lib_a-impure.o)
                              d:/program files/truestudio for stm32 9.2.0/armtools/bin/../lib/gcc/arm-atollic-eabi/6.3.1/../../../../arm-atollic-eabi/lib/armv7e-m/fpu\libc_nano.a(lib_a-errno.o) (_impure_ptr)
d:/program files/truestudio for stm32 9.2.0/armtools/bin/../lib/gcc/arm-atollic-eabi/6.3.1/../../../../arm-atollic-eabi/lib/armv7e-m/fpu\libc_nano.a(lib_a-init.o)
                              startup\startup_stm32f407xx.o (__libc_init_array)
d:/program files/truestudio for stm32 9.2.0/armtools/bin/../lib/gcc/arm-atollic-eabi/6.3.1/../../../../arm-atollic-eabi/lib/armv7e-m/fpu\libc_nano.a(lib_a-malloc.o)
                              Middlewares\ST\STM32_USB_Device_Library\Class\CDC\Src\usbd_cdc.o (malloc)
d:/program files/truestudio for stm32 9.2.0/armtools/bin/../lib/gcc/arm-atollic-eabi/6.3.1/../../../../arm-atollic-eabi/lib/armv7e-m/fpu\libc_nano.a(lib_a-memcpy-stub.o)
                              Middlewares\Third_Party\FreeRTOS\Source\queue.o (memcpy)
d:/program files/truestudio for stm32 9.2.0/armtools/bin/../lib/gcc/arm-atollic-eabi/6.3.1/../../../../arm-atollic-eabi/lib/armv7e-m/fpu\libc_nano.a(lib_a-memset.o)
                              Middlewares\Third_Party\FreeRTOS\Source\stream_buffer.o (memset)
d:/program files/truestudio for stm32 9.2.0/armtools/bin/../lib/gcc/arm-atollic-eabi/6.3.1/../../../../arm-atollic-eabi/lib/armv7e-m/fpu\libc_nano.a(lib_a-nano-freer.o)
                              d:/program files/truestudio for stm32 9.2.0/armtools/bin/../lib/gcc/arm-atollic-eabi/6.3.1/../../../../arm-atollic-eabi/lib/armv7e-m/fpu\libc_nano.a(lib_a-malloc.o) (_free_r)
d:/program files/truestudio for stm32 9.2.0/armtools/bin/../lib/gcc/arm-atollic-eabi/6.3.1/../../../../arm-atollic-eabi/lib/armv7e-m/fpu\libc_nano.a(lib_a-nano-mallocr.o)
                              d:/program files/truestudio for stm32 9.2.0/armtools/bin/../lib/gcc/arm-atollic-eabi/6.3.1/../../../../arm-atollic-eabi/lib/armv7e-m/fpu\libc_nano.a(lib_a-malloc.o) (_malloc_r)
d:/program files/truestudio for stm32 9.2.0/armtools/bin/../lib/gcc/arm-atollic-eabi/6.3.1/../../../../arm-atollic-eabi/lib/armv7e-m/fpu\libc_nano.a(lib_a-printf.o)
                              Src\main.o (printf)
d:/program files/truestudio for stm32 9.2.0/armtools/bin/../lib/gcc/arm-atollic-eabi/6.3.1/../../../../arm-atollic-eabi/lib/armv7e-m/fpu\libc_nano.a(lib_a-puts.o)
                              Src\freertos.o (puts)
d:/program files/truestudio for stm32 9.2.0/armtools/bin/../lib/gcc/arm-atollic-eabi/6.3.1/../../../../arm-atollic-eabi/lib/armv7e-m/fpu\libc_nano.a(lib_a-sbrkr.o)
                              d:/program files/truestudio for stm32 9.2.0/armtools/bin/../lib/gcc/arm-atollic-eabi/6.3.1/../../../../arm-atollic-eabi/lib/armv7e-m/fpu\libc_nano.a(lib_a-nano-mallocr.o) (_sbrk_r)
d:/program files/truestudio for stm32 9.2.0/armtools/bin/../lib/gcc/arm-atollic-eabi/6.3.1/../../../../arm-atollic-eabi/lib/armv7e-m/fpu\libc_nano.a(lib_a-wbuf.o)
                              d:/program files/truestudio for stm32 9.2.0/armtools/bin/../lib/gcc/arm-atollic-eabi/6.3.1/../../../../arm-atollic-eabi/lib/armv7e-m/fpu\libc_nano.a(lib_a-puts.o) (__swbuf_r)
d:/program files/truestudio for stm32 9.2.0/armtools/bin/../lib/gcc/arm-atollic-eabi/6.3.1/../../../../arm-atollic-eabi/lib/armv7e-m/fpu\libc_nano.a(lib_a-wsetup.o)
                              d:/program files/truestudio for stm32 9.2.0/armtools/bin/../lib/gcc/arm-atollic-eabi/6.3.1/../../../../arm-atollic-eabi/lib/armv7e-m/fpu\libc_nano.a(lib_a-puts.o) (__swsetup_r)
d:/program files/truestudio for stm32 9.2.0/armtools/bin/../lib/gcc/arm-atollic-eabi/6.3.1/../../../../arm-atollic-eabi/lib/armv7e-m/fpu\libc_nano.a(lib_a-fflush.o)
                              d:/program files/truestudio for stm32 9.2.0/armtools/bin/../lib/gcc/arm-atollic-eabi/6.3.1/../../../../arm-atollic-eabi/lib/armv7e-m/fpu\libc_nano.a(lib_a-wbuf.o) (_fflush_r)
d:/program files/truestudio for stm32 9.2.0/armtools/bin/../lib/gcc/arm-atollic-eabi/6.3.1/../../../../arm-atollic-eabi/lib/armv7e-m/fpu\libc_nano.a(lib_a-findfp.o)
                              d:/program files/truestudio for stm32 9.2.0/armtools/bin/../lib/gcc/arm-atollic-eabi/6.3.1/../../../../arm-atollic-eabi/lib/armv7e-m/fpu\libc_nano.a(lib_a-printf.o) (__sinit)
d:/program files/truestudio for stm32 9.2.0/armtools/bin/../lib/gcc/arm-atollic-eabi/6.3.1/../../../../arm-atollic-eabi/lib/armv7e-m/fpu\libc_nano.a(lib_a-fwalk.o)
[...]
Memory Configuration

Name             Origin             Length             Attributes
RAM              0x20000000         0x00020000         xrw
CCMRAM           0x10000000         0x00010000         rw
FLASH            0x08000000         0x00100000         xr
*default*        0x00000000         0xffffffff

Linker script and memory map

LOAD d:/program files/truestudio for stm32 9.2.0/armtools/bin/../lib/gcc/arm-atollic-eabi/6.3.1/armv7e-m/fpu/crti.o
LOAD d:/program files/truestudio for stm32 9.2.0/armtools/bin/../lib/gcc/arm-atollic-eabi/6.3.1/armv7e-m/fpu/crtbegin.o
LOAD Drivers\STM32F4xx_HAL_Driver\Src\stm32f4xx_hal.o
LOAD Drivers\STM32F4xx_HAL_Driver\Src\stm32f4xx_hal_can.o
LOAD Drivers\STM32F4xx_HAL_Driver\Src\stm32f4xx_hal_cortex.o
LOAD Drivers\STM32F4xx_HAL_Driver\Src\stm32f4xx_hal_dma.o
LOAD Drivers\STM32F4xx_HAL_Driver\Src\stm32f4xx_hal_dma_ex.o
LOAD Drivers\STM32F4xx_HAL_Driver\Src\stm32f4xx_hal_exti.o
LOAD Drivers\STM32F4xx_HAL_Driver\Src\stm32f4xx_hal_flash.o
LOAD Drivers\STM32F4xx_HAL_Driver\Src\stm32f4xx_hal_flash_ex.o
LOAD Drivers\STM32F4xx_HAL_Driver\Src\stm32f4xx_hal_flash_ramfunc.o
LOAD Drivers\STM32F4xx_HAL_Driver\Src\stm32f4xx_hal_gpio.o
LOAD Drivers\STM32F4xx_HAL_Driver\Src\stm32f4xx_hal_pcd.o
LOAD Drivers\STM32F4xx_HAL_Driver\Src\stm32f4xx_hal_pcd_ex.o
LOAD Drivers\STM32F4xx_HAL_Driver\Src\stm32f4xx_hal_pwr.o
LOAD Drivers\STM32F4xx_HAL_Driver\Src\stm32f4xx_hal_pwr_ex.o
LOAD Drivers\STM32F4xx_HAL_Driver\Src\stm32f4xx_hal_rcc.o
LOAD Drivers\STM32F4xx_HAL_Driver\Src\stm32f4xx_hal_rcc_ex.o
LOAD Drivers\STM32F4xx_HAL_Driver\Src\stm32f4xx_hal_tim.o
LOAD Drivers\STM32F4xx_HAL_Driver\Src\stm32f4xx_hal_tim_ex.o
LOAD Drivers\STM32F4xx_HAL_Driver\Src\stm32f4xx_hal_uart.o
LOAD Drivers\STM32F4xx_HAL_Driver\Src\stm32f4xx_ll_usb.o
LOAD Middlewares\ST\STM32_USB_Device_Library\Class\CDC\Src\usbd_cdc.o
LOAD Middlewares\ST\STM32_USB_Device_Library\Core\Src\usbd_core.o
LOAD Middlewares\ST\STM32_USB_Device_Library\Core\Src\usbd_ctlreq.o
LOAD Middlewares\ST\STM32_USB_Device_Library\Core\Src\usbd_ioreq.o
LOAD Middlewares\Third_Party\FreeRTOS\Source\CMSIS_RTOS\cmsis_os.o
LOAD Middlewares\Third_Party\FreeRTOS\Source\croutine.o
LOAD Middlewares\Third_Party\FreeRTOS\Source\event_groups.o
LOAD Middlewares\Third_Party\FreeRTOS\Source\list.o
LOAD Middlewares\Third_Party\FreeRTOS\Source\portable\GCC\ARM_CM4F\port.o
LOAD Middlewares\Third_Party\FreeRTOS\Source\portable\MemMang\heap_4.o
LOAD Middlewares\Third_Party\FreeRTOS\Source\queue.o
LOAD Middlewares\Third_Party\FreeRTOS\Source\stream_buffer.o
LOAD Middlewares\Third_Party\FreeRTOS\Source\tasks.o
LOAD Middlewares\Third_Party\FreeRTOS\Source\timers.o
LOAD Src\can.o
LOAD Src\freertos.o
LOAD Src\gpio.o
LOAD Src\main.o
LOAD Src\stm32f4xx_hal_msp.o
LOAD Src\stm32f4xx_it.o
LOAD Src\syscalls.o
LOAD Src\system_stm32f4xx.o
LOAD Src\usart.o
LOAD Src\usb_device.o
LOAD Src\usbd_cdc_if.o
LOAD Src\usbd_conf.o
LOAD Src\usbd_desc.o
LOAD startup\startup_stm32f407xx.o
                0x00001000                malloc_getpagesize_P = 0x1000
START GROUP
LOAD d:/program files/truestudio for stm32 9.2.0/armtools/bin/../lib/gcc/arm-atollic-eabi/6.3.1/../../../../arm-atollic-eabi/lib/armv7e-m/fpu\libc_nano.a
LOAD d:/program files/truestudio for stm32 9.2.0/armtools/bin/../lib/gcc/arm-atollic-eabi/6.3.1/../../../../arm-atollic-eabi/lib/armv7e-m/fpu\libm.a
END GROUP
START GROUP
LOAD d:/program files/truestudio for stm32 9.2.0/armtools/bin/../lib/gcc/arm-atollic-eabi/6.3.1/armv7e-m/fpu\libgcc.a
LOAD d:/program files/truestudio for stm32 9.2.0/armtools/bin/../lib/gcc/arm-atollic-eabi/6.3.1/../../../../arm-atollic-eabi/lib/armv7e-m/fpu\libc_nano.a
END GROUP
START GROUP
LOAD d:/program files/truestudio for stm32 9.2.0/armtools/bin/../lib/gcc/arm-atollic-eabi/6.3.1/armv7e-m/fpu\libgcc.a
LOAD d:/program files/truestudio for stm32 9.2.0/armtools/bin/../lib/gcc/arm-atollic-eabi/6.3.1/../../../../arm-atollic-eabi/lib/armv7e-m/fpu\libc_nano.a
LOAD d:/program files/truestudio for stm32 9.2.0/armtools/bin/../lib/gcc/arm-atollic-eabi/6.3.1/../../../../arm-atollic-eabi/lib/armv7e-m/fpu\libnosys.a
END GROUP
START GROUP
LOAD d:/program files/truestudio for stm32 9.2.0/armtools/bin/../lib/gcc/arm-atollic-eabi/6.3.1/armv7e-m/fpu\libgcc.a
LOAD d:/program files/truestudio for stm32 9.2.0/armtools/bin/../lib/gcc/arm-atollic-eabi/6.3.1/../../../../arm-atollic-eabi/lib/armv7e-m/fpu\libc_nano.a
LOAD d:/program files/truestudio for stm32 9.2.0/armtools/bin/../lib/gcc/arm-atollic-eabi/6.3.1/../../../../arm-atollic-eabi/lib/armv7e-m/fpu\libnosys.a
END GROUP
LOAD d:/program files/truestudio for stm32 9.2.0/armtools/bin/../lib/gcc/arm-atollic-eabi/6.3.1/armv7e-m/fpu/crtend.o
LOAD d:/program files/truestudio for stm32 9.2.0/armtools/bin/../lib/gcc/arm-atollic-eabi/6.3.1/armv7e-m/fpu/crtn.o
                0x20020000                _estack = 0x20020000
                0x00000800                _Min_Heap_Size = 0x800
                0x00000800                _Min_Stack_Size = 0x800

.isr_vector     0x08000000      0x188
                0x08000000                . = ALIGN (0x4)
 *(.isr_vector)
 .isr_vector    0x08000000      0x188 startup\startup_stm32f407xx.o
                0x08000000                g_pfnVectors
                0x08000188                . = ALIGN (0x4)

.text           0x08000190     0x59dc
                0x08000190                . = ALIGN (0x4)
 *(.text)
 .text          0x08000190       0x40 d:/program files/truestudio for stm32 9.2.0/armtools/bin/../lib/gcc/arm-atollic-eabi/6.3.1/armv7e-m/fpu/crtbegin.o
 .text          0x080001d0       0xa0 d:/program files/truestudio for stm32 9.2.0/armtools/bin/../lib/gcc/arm-atollic-eabi/6.3.1/../../../../arm-atollic-eabi/lib/armv7e-m/fpu\libc_nano.a(lib_a-memchr.o)
                0x080001d0                memchr
 .text          0x08000270       0x30 d:/program files/truestudio for stm32 9.2.0/armtools/bin/../lib/gcc/arm-atollic-eabi/6.3.1/armv7e-m/fpu\libgcc.a(_aeabi_uldivmod.o)
                0x08000270                __aeabi_uldivmod
 .text          0x080002a0      0x2dc d:/program files/truestudio for stm32 9.2.0/armtools/bin/../lib/gcc/arm-atollic-eabi/6.3.1/armv7e-m/fpu\libgcc.a(_udivmoddi4.o)
                0x080002a0                __udivmoddi4
 .text          0x0800057c        0x4 d:/program files/truestudio for stm32 9.2.0/armtools/bin/../lib/gcc/arm-atollic-eabi/6.3.1/armv7e-m/fpu\libgcc.a(_dvmd_tls.o)
                0x0800057c                __aeabi_idiv0
                0x0800057c                __aeabi_ldiv0
 *(.text*)
 .text.HAL_InitTick
                0x08000580       0x48 Drivers\STM32F4xx_HAL_Driver\Src\stm32f4xx_hal.o
                0x08000580                HAL_InitTick
 .text.HAL_Init
                0x080005c8       0x34 Drivers\STM32F4xx_HAL_Driver\Src\stm32f4xx_hal.o
                0x080005c8                HAL_Init
 .text.HAL_IncTick
                0x080005fc       0x18 Drivers\STM32F4xx_HAL_Driver\Src\stm32f4xx_hal.o
                0x080005fc                HAL_IncTick
 .text.HAL_GetTick
                0x08000614        0xc Drivers\STM32F4xx_HAL_Driver\Src\stm32f4xx_hal.o
                0x08000614                HAL_GetTick
 .text.HAL_Delay
                0x08000620       0x28 Drivers\STM32F4xx_HAL_Driver\Src\stm32f4xx_hal.o
                0x08000620                HAL_Delay
 .text.HAL_CAN_Init
                0x08000648       0xf6 Drivers\STM32F4xx_HAL_Driver\Src\stm32f4xx_hal_can.o
                0x08000648                HAL_CAN_Init
 .text.HAL_CAN_TxMailbox0CompleteCallback
                0x0800073e        0x2 Drivers\STM32F4xx_HAL_Driver\Src\stm32f4xx_hal_can.o
                0x0800073e                HAL_CAN_TxMailbox0CompleteCallback
 .text.HAL_CAN_TxMailbox1CompleteCallback
                0x08000740        0x2 Drivers\STM32F4xx_HAL_Driver\Src\stm32f4xx_hal_can.o
                0x08000740                HAL_CAN_TxMailbox1CompleteCallback
 .text.HAL_CAN_TxMailbox2CompleteCallback
                0x08000742        0x2 Drivers\STM32F4xx_HAL_Driver\Src\stm32f4xx_hal_can.o
                0x08000742                HAL_CAN_TxMailbox2CompleteCallback
 .text.HAL_CAN_TxMailbox0AbortCallback
                0x08000744        0x2 Drivers\STM32F4xx_HAL_Driver\Src\stm32f4xx_hal_can.o
                0x08000744                HAL_CAN_TxMailbox0AbortCallback
 .text.HAL_CAN_TxMailbox1AbortCallback
                0x08000746        0x2 Drivers\STM32F4xx_HAL_Driver\Src\stm32f4xx_hal_can.o
                0x08000746                HAL_CAN_TxMailbox1AbortCallback
 .text.HAL_CAN_TxMailbox2AbortCallback
                0x08000748        0x2 Drivers\STM32F4xx_HAL_Driver\Src\stm32f4xx_hal_can.o
                0x08000748                HAL_CAN_TxMailbox2AbortCallback
 .text.HAL_CAN_RxFifo0MsgPendingCallback
                0x0800074a        0x2 Drivers\STM32F4xx_HAL_Driver\Src\stm32f4xx_hal_can.o
                0x0800074a                HAL_CAN_RxFifo0MsgPendingCallback
 .text.HAL_CAN_RxFifo0FullCallback
                0x0800074c        0x2 Drivers\STM32F4xx_HAL_Driver\Src\stm32f4xx_hal_can.o
                0x0800074c                HAL_CAN_RxFifo0FullCallback
 .text.HAL_CAN_RxFifo1MsgPendingCallback
                0x0800074e        0x2 Drivers\STM32F4xx_HAL_Driver\Src\stm32f4xx_hal_can.o
                0x0800074e                HAL_CAN_RxFifo1MsgPendingCallback
 .text.HAL_CAN_RxFifo1FullCallback
                0x08000750        0x2 Drivers\STM32F4xx_HAL_Driver\Src\stm32f4xx_hal_can.o
                0x08000750                HAL_CAN_RxFifo1FullCallback
 .text.HAL_CAN_SleepCallback
                0x08000752        0x2 Drivers\STM32F4xx_HAL_Driver\Src\stm32f4xx_hal_can.o
                0x08000752                HAL_CAN_SleepCallback
 .text.HAL_CAN_WakeUpFromRxMsgCallback
                0x08000754        0x2 Drivers\STM32F4xx_HAL_Driver\Src\stm32f4xx_hal_can.o
                0x08000754                HAL_CAN_WakeUpFromRxMsgCallback
 .text.HAL_CAN_ErrorCallback
                0x08000756        0x2 Drivers\STM32F4xx_HAL_Driver\Src\stm32f4xx_hal_can.o
                0x08000756                HAL_CAN_ErrorCallback
 .text.HAL_CAN_IRQHandler
                0x08000758      0x1fc Drivers\STM32F4xx_HAL_Driver\Src\stm32f4xx_hal_can.o
                0x08000758                HAL_CAN_IRQHandler
 .text.HAL_NVIC_SetPriorityGrouping
                0x08000954       0x24 Drivers\STM32F4xx_HAL_Driver\Src\stm32f4xx_hal_cortex.o
                0x08000954                HAL_NVIC_SetPriorityGrouping
 .text.HAL_NVIC_SetPriority
                0x08000978       0x68 Drivers\STM32F4xx_HAL_Driver\Src\stm32f4xx_hal_cortex.o
                0x08000978                HAL_NVIC_SetPriority
 .text.HAL_NVIC_EnableIRQ
                0x080009e0       0x1c Drivers\STM32F4xx_HAL_Driver\Src\stm32f4xx_hal_cortex.o
                0x080009e0                HAL_NVIC_EnableIRQ
 .text.HAL_SYSTICK_Config
                0x080009fc       0x2c Drivers\STM32F4xx_HAL_Driver\Src\stm32f4xx_hal_cortex.o
                0x080009fc                HAL_SYSTICK_Config
 .text.HAL_DMA_Abort_IT
                0x08000a28       0x24 Drivers\STM32F4xx_HAL_Driver\Src\stm32f4xx_hal_dma.o
                0x08000a28                HAL_DMA_Abort_IT
 .text.HAL_GPIO_Init
                0x08000a4c      0x1c0 Drivers\STM32F4xx_HAL_Driver\Src\stm32f4xx_hal_gpio.o
                0x08000a4c                HAL_GPIO_Init
 .text.HAL_GPIO_WritePin
                0x08000c0c        0xa Drivers\STM32F4xx_HAL_Driver\Src\stm32f4xx_hal_gpio.o
                0x08000c0c                HAL_GPIO_WritePin
 .text.HAL_PCD_Init
                0x08000c16      0x10e Drivers\STM32F4xx_HAL_Driver\Src\stm32f4xx_hal_pcd.o
                0x08000c16                HAL_PCD_Init
 .text.HAL_PCD_Start
                0x08000d24       0x3e Drivers\STM32F4xx_HAL_Driver\Src\stm32f4xx_hal_pcd.o
                0x08000d24                HAL_PCD_Start
 *fill*         0x08000d62        0x2 
 .text.HAL_PCD_IRQHandler
                0x08000d64      0x574 Drivers\STM32F4xx_HAL_Driver\Src\stm32f4xx_hal_pcd.o
                0x08000d64                HAL_PCD_IRQHandler
 .text.HAL_PCD_SetAddress
                0x080012d8       0x28 Drivers\STM32F4xx_HAL_Driver\Src\stm32f4xx_hal_pcd.o
                0x080012d8                HAL_PCD_SetAddress
 .text.HAL_PCD_EP_Open
                0x08001300       0x6a Drivers\STM32F4xx_HAL_Driver\Src\stm32f4xx_hal_pcd.o
                0x08001300                HAL_PCD_EP_Open
 .text.HAL_PCD_EP_Close
                0x0800136a       0x54 Drivers\STM32F4xx_HAL_Driver\Src\stm32f4xx_hal_pcd.o
                0x0800136a                HAL_PCD_EP_Close
 .text.HAL_PCD_EP_Receive
                0x080013be       0x48 Drivers\STM32F4xx_HAL_Driver\Src\stm32f4xx_hal_pcd.o
                0x080013be                HAL_PCD_EP_Receive
 .text.HAL_PCD_EP_GetRxCount
                0x08001406       0x10 Drivers\STM32F4xx_HAL_Driver\Src\stm32f4xx_hal_pcd.o
                0x08001406                HAL_PCD_EP_GetRxCount
 .text.HAL_PCD_EP_Transmit
                0x08001416       0x40 Drivers\STM32F4xx_HAL_Driver\Src\stm32f4xx_hal_pcd.o
                0x08001416                HAL_PCD_EP_Transmit
 .text.HAL_PCD_EP_SetStall
                0x08001456       0x74 Drivers\STM32F4xx_HAL_Driver\Src\stm32f4xx_hal_pcd.o
                0x08001456                HAL_PCD_EP_SetStall
 .text.HAL_PCD_EP_ClrStall
                0x080014ca       0x64 Drivers\STM32F4xx_HAL_Driver\Src\stm32f4xx_hal_pcd.o
                0x080014ca                HAL_PCD_EP_ClrStall
 .text.HAL_PCDEx_SetTxFiFo
                0x0800152e       0x42 Drivers\STM32F4xx_HAL_Driver\Src\stm32f4xx_hal_pcd_ex.o
                0x0800152e                HAL_PCDEx_SetTxFiFo
 .text.HAL_PCDEx_SetRxFiFo
                0x08001570        0x8 Drivers\STM32F4xx_HAL_Driver\Src\stm32f4xx_hal_pcd_ex.o
                0x08001570                HAL_PCDEx_SetRxFiFo
 .text.HAL_PCDEx_LPM_Callback
                0x08001578        0x2 Drivers\STM32F4xx_HAL_Driver\Src\stm32f4xx_hal_pcd_ex.o
                0x08001578                HAL_PCDEx_LPM_Callback
 *fill*         0x0800157a        0x2 
 .text.HAL_RCC_OscConfig
                0x0800157c      0x304 Drivers\STM32F4xx_HAL_Driver\Src\stm32f4xx_hal_rcc.o
                0x0800157c                HAL_RCC_OscConfig
 .text.HAL_RCC_GetSysClockFreq
                0x08001880       0x5c Drivers\STM32F4xx_HAL_Driver\Src\stm32f4xx_hal_rcc.o
                0x08001880                HAL_RCC_GetSysClockFreq
 .text.HAL_RCC_ClockConfig
                0x080018dc      0x134 Drivers\STM32F4xx_HAL_Driver\Src\stm32f4xx_hal_rcc.o
                0x080018dc                HAL_RCC_ClockConfig
 .text.HAL_RCC_GetHCLKFreq
                0x08001a10        0xc Drivers\STM32F4xx_HAL_Driver\Src\stm32f4xx_hal_rcc.o
                0x08001a10                HAL_RCC_GetHCLKFreq
 .text.HAL_RCC_GetPCLK1Freq
                0x08001a1c       0x20 Drivers\STM32F4xx_HAL_Driver\Src\stm32f4xx_hal_rcc.o
                0x08001a1c                HAL_RCC_GetPCLK1Freq
 .text.HAL_RCC_GetPCLK2Freq
                0x08001a3c       0x20 Drivers\STM32F4xx_HAL_Driver\Src\stm32f4xx_hal_rcc.o
                0x08001a3c                HAL_RCC_GetPCLK2Freq
 .text.UART_EndRxTransfer
                0x08001a5c       0x1a Drivers\STM32F4xx_HAL_Driver\Src\stm32f4xx_hal_uart.o
 *fill*         0x08001a76        0x2 
 .text.UART_SetConfig
                0x08001a78      0x234 Drivers\STM32F4xx_HAL_Driver\Src\stm32f4xx_hal_uart.o
 .text.UART_WaitOnFlagUntilTimeout.constprop.3
                0x08001cac       0x50 Drivers\STM32F4xx_HAL_Driver\Src\stm32f4xx_hal_uart.o
 .text.HAL_UART_Init
                0x08001cfc       0x5c Drivers\STM32F4xx_HAL_Driver\Src\stm32f4xx_hal_uart.o
                0x08001cfc                HAL_UART_Init
 .text.HAL_UART_Transmit
                0x08001d58       0xba Drivers\STM32F4xx_HAL_Driver\Src\stm32f4xx_hal_uart.o
                0x08001d58                HAL_UART_Transmit
 .text.HAL_UART_TxCpltCallback
                0x08001e12        0x2 Drivers\STM32F4xx_HAL_Driver\Src\stm32f4xx_hal_uart.o
                0x08001e12                HAL_UART_TxCpltCallback
 .text.HAL_UART_RxCpltCallback
                0x08001e14        0x2 Drivers\STM32F4xx_HAL_Driver\Src\stm32f4xx_hal_uart.o
                0x08001e14                HAL_UART_RxCpltCallback
 .text.UART_Receive_IT
                0x08001e16       0x7c Drivers\STM32F4xx_HAL_Driver\Src\stm32f4xx_hal_uart.o
 .text.HAL_UART_ErrorCallback
                0x08001e92        0x2 Drivers\STM32F4xx_HAL_Driver\Src\stm32f4xx_hal_uart.o
                0x08001e92                HAL_UART_ErrorCallback
 .text.HAL_UART_IRQHandler
                0x08001e94      0x140 Drivers\STM32F4xx_HAL_Driver\Src\stm32f4xx_hal_uart.o
                0x08001e94                HAL_UART_IRQHandler
 .text.UART_DMAAbortOnError
                0x08001fd4       0x10 Drivers\STM32F4xx_HAL_Driver\Src\stm32f4xx_hal_uart.o
 .text.USB_CoreReset
                0x08001fe4       0x30 Drivers\STM32F4xx_HAL_Driver\Src\stm32f4xx_ll_usb.o
 .text.USB_CoreInit
                0x08002014       0x80 Drivers\STM32F4xx_HAL_Driver\Src\stm32f4xx_ll_usb.o
                0x08002014                USB_CoreInit
 .text.USB_SetTurnaroundTime
                0x08002094       0xe8 Drivers\STM32F4xx_HAL_Driver\Src\stm32f4xx_ll_usb.o
                0x08002094                USB_SetTurnaroundTime
 .text.USB_EnableGlobalInt
                0x0800217c        0xc Drivers\STM32F4xx_HAL_Driver\Src\stm32f4xx_ll_usb.o
                0x0800217c                USB_EnableGlobalInt
 .text.USB_DisableGlobalInt
                0x08002188        0xc Drivers\STM32F4xx_HAL_Driver\Src\stm32f4xx_ll_usb.o
                0x08002188                USB_DisableGlobalInt
 .text.USB_SetCurrentMode
                0x08002194       0x2e Drivers\STM32F4xx_HAL_Driver\Src\stm32f4xx_ll_usb.o
                0x08002194                USB_SetCurrentMode
 *fill*         0x080021c2        0x2 
 .text.USB_FlushTxFifo
                0x080021c4       0x24 Drivers\STM32F4xx_HAL_Driver\Src\stm32f4xx_ll_usb.o
                0x080021c4                USB_FlushTxFifo
 .text.USB_FlushRxFifo
                0x080021e8       0x20 Drivers\STM32F4xx_HAL_Driver\Src\stm32f4xx_ll_usb.o
                0x080021e8                USB_FlushRxFifo
 .text.USB_SetDevSpeed
                0x08002208        0xe Drivers\STM32F4xx_HAL_Driver\Src\stm32f4xx_ll_usb.o
                0x08002208                USB_SetDevSpeed
 *fill*         0x08002216        0x2 
 .text.USB_DevInit
                0x08002218      0x188 Drivers\STM32F4xx_HAL_Driver\Src\stm32f4xx_ll_usb.o
                0x08002218                USB_DevInit
 .text.USB_GetDevSpeed
                0x080023a0       0x16 Drivers\STM32F4xx_HAL_Driver\Src\stm32f4xx_ll_usb.o
                0x080023a0                USB_GetDevSpeed
 .text.USB_ActivateEndpoint
                0x080023b6       0x84 Drivers\STM32F4xx_HAL_Driver\Src\stm32f4xx_ll_usb.o
                0x080023b6                USB_ActivateEndpoint
 *fill*         0x0800243a        0x2 
 .text.USB_DeactivateEndpoint
                0x0800243c       0x64 Drivers\STM32F4xx_HAL_Driver\Src\stm32f4xx_ll_usb.o
                0x0800243c                USB_DeactivateEndpoint
 .text.USB_EP0StartXfer
                0x080024a0      0x114 Drivers\STM32F4xx_HAL_Driver\Src\stm32f4xx_ll_usb.o
                0x080024a0                USB_EP0StartXfer
 .text.USB_WritePacket
                0x080025b4       0x28 Drivers\STM32F4xx_HAL_Driver\Src\stm32f4xx_ll_usb.o
                0x080025b4                USB_WritePacket
 .text.USB_EPStartXfer
                0x080025dc      0x1dc Drivers\STM32F4xx_HAL_Driver\Src\stm32f4xx_ll_usb.o
                0x080025dc                USB_EPStartXfer
 .text.USB_ReadPacket
                0x080027b8       0x1c Drivers\STM32F4xx_HAL_Driver\Src\stm32f4xx_ll_usb.o
                0x080027b8                USB_ReadPacket
 .text.USB_EPSetStall
                0x080027d4       0x5a Drivers\STM32F4xx_HAL_Driver\Src\stm32f4xx_ll_usb.o
                0x080027d4                USB_EPSetStall
 .text.USB_EPClearStall
                0x0800282e       0x56 Drivers\STM32F4xx_HAL_Driver\Src\stm32f4xx_ll_usb.o
                0x0800282e                USB_EPClearStall
 .text.USB_SetDevAddress
                0x08002884       0x20 Drivers\STM32F4xx_HAL_Driver\Src\stm32f4xx_ll_usb.o
                0x08002884                USB_SetDevAddress
 .text.USB_DevConnect
                0x080028a4       0x18 Drivers\STM32F4xx_HAL_Driver\Src\stm32f4xx_ll_usb.o
                0x080028a4                USB_DevConnect
 .text.USB_DevDisconnect
                0x080028bc       0x18 Drivers\STM32F4xx_HAL_Driver\Src\stm32f4xx_ll_usb.o
                0x080028bc                USB_DevDisconnect
 .text.USB_ReadInterrupts
                0x080028d4        0x8 Drivers\STM32F4xx_HAL_Driver\Src\stm32f4xx_ll_usb.o
                0x080028d4                USB_ReadInterrupts
 .text.USB_ReadDevAllOutEpInterrupt
                0x080028dc       0x10 Drivers\STM32F4xx_HAL_Driver\Src\stm32f4xx_ll_usb.o
                0x080028dc                USB_ReadDevAllOutEpInterrupt
 .text.USB_ReadDevAllInEpInterrupt
                0x080028ec       0x10 Drivers\STM32F4xx_HAL_Driver\Src\stm32f4xx_ll_usb.o
                0x080028ec                USB_ReadDevAllInEpInterrupt
 .text.USB_ReadDevOutEPInterrupt
                0x080028fc       0x12 Drivers\STM32F4xx_HAL_Driver\Src\stm32f4xx_ll_usb.o
                0x080028fc                USB_ReadDevOutEPInterrupt
 .text.USB_ReadDevInEPInterrupt
                0x0800290e       0x24 Drivers\STM32F4xx_HAL_Driver\Src\stm32f4xx_ll_usb.o
                0x0800290e                USB_ReadDevInEPInterrupt
 .text.USB_GetMode
                0x08002932        0x8 Drivers\STM32F4xx_HAL_Driver\Src\stm32f4xx_ll_usb.o
                0x08002932                USB_GetMode
 .text.USB_ActivateSetup
                0x0800293a       0x36 Drivers\STM32F4xx_HAL_Driver\Src\stm32f4xx_ll_usb.o
                0x0800293a                USB_ActivateSetup
 .text.USB_EP0_OutStart
                0x08002970       0x60 Drivers\STM32F4xx_HAL_Driver\Src\stm32f4xx_ll_usb.o
                0x08002970                USB_EP0_OutStart
 .text.USBD_CDC_EP0_RxReady
                0x080029d0       0x28 Middlewares\ST\STM32_USB_Device_Library\Class\CDC\Src\usbd_cdc.o
 .text.USBD_CDC_GetFSCfgDesc
                0x080029f8        0xc Middlewares\ST\STM32_USB_Device_Library\Class\CDC\Src\usbd_cdc.o
 .text.USBD_CDC_GetHSCfgDesc
                0x08002a04        0xc Middlewares\ST\STM32_USB_Device_Library\Class\CDC\Src\usbd_cdc.o
 .text.USBD_CDC_GetOtherSpeedCfgDesc
                0x08002a10        0xc Middlewares\ST\STM32_USB_Device_Library\Class\CDC\Src\usbd_cdc.o
 .text.USBD_CDC_GetDeviceQualifierDescriptor
                0x08002a1c        0xc Middlewares\ST\STM32_USB_Device_Library\Class\CDC\Src\usbd_cdc.o
                0x08002a1c                USBD_CDC_GetDeviceQualifierDescriptor
 .text.USBD_CDC_DataOut
                0x08002a28       0x2e Middlewares\ST\STM32_USB_Device_Library\Class\CDC\Src\usbd_cdc.o
 .text.USBD_CDC_DataIn
                0x08002a56       0x42 Middlewares\ST\STM32_USB_Device_Library\Class\CDC\Src\usbd_cdc.o
 .text.USBD_CDC_Setup
                0x08002a98       0xbc Middlewares\ST\STM32_USB_Device_Library\Class\CDC\Src\usbd_cdc.o
 .text.USBD_CDC_DeInit
                0x08002b54       0x42 Middlewares\ST\STM32_USB_Device_Library\Class\CDC\Src\usbd_cdc.o
 .text.USBD_CDC_Init
                0x08002b96       0xaa Middlewares\ST\STM32_USB_Device_Library\Class\CDC\Src\usbd_cdc.o
 .text.USBD_CDC_RegisterInterface
                0x08002c40        0xe Middlewares\ST\STM32_USB_Device_Library\Class\CDC\Src\usbd_cdc.o
                0x08002c40                USBD_CDC_RegisterInterface
 .text.USBD_CDC_SetTxBuffer
                0x08002c4e       0x10 Middlewares\ST\STM32_USB_Device_Library\Class\CDC\Src\usbd_cdc.o
                0x08002c4e                USBD_CDC_SetTxBuffer
 .text.USBD_CDC_SetRxBuffer
                0x08002c5e        0xc Middlewares\ST\STM32_USB_Device_Library\Class\CDC\Src\usbd_cdc.o
                0x08002c5e                USBD_CDC_SetRxBuffer
 .text.USBD_CDC_ReceivePacket
                0x08002c6a       0x26 Middlewares\ST\STM32_USB_Device_Library\Class\CDC\Src\usbd_cdc.o
                0x08002c6a                USBD_CDC_ReceivePacket
 .text.USBD_Init
                0x08002c90       0x2a Middlewares\ST\STM32_USB_Device_Library\Core\Src\usbd_core.o
                0x08002c90                USBD_Init
 .text.USBD_RegisterClass
                0x08002cba        0xe Middlewares\ST\STM32_USB_Device_Library\Core\Src\usbd_core.o
                0x08002cba                USBD_RegisterClass
 .text.USBD_Start
                0x08002cc8        0xa Middlewares\ST\STM32_USB_Device_Library\Core\Src\usbd_core.o
                0x08002cc8                USBD_Start
 .text.USBD_SetClassConfig
                0x08002cd2       0x16 Middlewares\ST\STM32_USB_Device_Library\Core\Src\usbd_core.o
                0x08002cd2                USBD_SetClassConfig
 .text.USBD_ClrClassConfig
                0x08002ce8        0xe Middlewares\ST\STM32_USB_Device_Library\Core\Src\usbd_core.o
                0x08002ce8                USBD_ClrClassConfig
 .text.USBD_LL_SetupStage
                0x08002cf6       0x5a Middlewares\ST\STM32_USB_Device_Library\Core\Src\usbd_core.o
                0x08002cf6                USBD_LL_SetupStage
 .text.USBD_LL_DataOutStage
                0x08002d50       0x74 Middlewares\ST\STM32_USB_Device_Library\Core\Src\usbd_core.o
                0x08002d50                USBD_LL_DataOutStage
 .text.USBD_LL_DataInStage
                0x08002dc4       0xb8 Middlewares\ST\STM32_USB_Device_Library\Core\Src\usbd_core.o
                0x08002dc4                USBD_LL_DataInStage
 .text.USBD_LL_Reset
                0x08002e7c       0x4e Middlewares\ST\STM32_USB_Device_Library\Core\Src\usbd_core.o
                0x08002e7c                USBD_LL_Reset
 .text.USBD_LL_SetSpeed
                0x08002eca        0x6 Middlewares\ST\STM32_USB_Device_Library\Core\Src\usbd_core.o
                0x08002eca                USBD_LL_SetSpeed
 .text.USBD_LL_Suspend
                0x08002ed0       0x12 Middlewares\ST\STM32_USB_Device_Library\Core\Src\usbd_core.o
                0x08002ed0                USBD_LL_Suspend
 .text.USBD_LL_Resume
                0x08002ee2        0xc Middlewares\ST\STM32_USB_Device_Library\Core\Src\usbd_core.o
                0x08002ee2                USBD_LL_Resume
 .text.USBD_LL_SOF
                0x08002eee       0x18 Middlewares\ST\STM32_USB_Device_Library\Core\Src\usbd_core.o
                0x08002eee                USBD_LL_SOF
 .text.USBD_LL_IsoINIncomplete
                0x08002f06        0x4 Middlewares\ST\STM32_USB_Device_Library\Core\Src\usbd_core.o
                0x08002f06                USBD_LL_IsoINIncomplete
 .text.USBD_LL_IsoOUTIncomplete
                0x08002f0a        0x4 Middlewares\ST\STM32_USB_Device_Library\Core\Src\usbd_core.o
                0x08002f0a                USBD_LL_IsoOUTIncomplete
 .text.USBD_LL_DevConnected
                0x08002f0e        0x4 Middlewares\ST\STM32_USB_Device_Library\Core\Src\usbd_core.o
                0x08002f0e                USBD_LL_DevConnected
 .text.USBD_LL_DevDisconnected
                0x08002f12       0x16 Middlewares\ST\STM32_USB_Device_Library\Core\Src\usbd_core.o
                0x08002f12                USBD_LL_DevDisconnected
 .text.USBD_CtlError.constprop.1
                0x08002f28       0x16 Middlewares\ST\STM32_USB_Device_Library\Core\Src\usbd_ctlreq.o
 *fill*         0x08002f3e        0x2 
 .text.USBD_StdDevReq
                0x08002f40      0x234 Middlewares\ST\STM32_USB_Device_Library\Core\Src\usbd_ctlreq.o
                0x08002f40                USBD_StdDevReq
 .text.USBD_StdItfReq
                0x08003174       0x4a Middlewares\ST\STM32_USB_Device_Library\Core\Src\usbd_ctlreq.o
                0x08003174                USBD_StdItfReq
 .text.USBD_StdEPReq
                0x080031be      0x110 Middlewares\ST\STM32_USB_Device_Library\Core\Src\usbd_ctlreq.o
                0x080031be                USBD_StdEPReq
 .text.USBD_ParseSetupRequest
                0x080032ce       0x28 Middlewares\ST\STM32_USB_Device_Library\Core\Src\usbd_ctlreq.o
                0x080032ce                USBD_ParseSetupRequest
 .text.USBD_CtlError
                0x080032f6       0x16 Middlewares\ST\STM32_USB_Device_Library\Core\Src\usbd_ctlreq.o
                0x080032f6                USBD_CtlError
 .text.USBD_GetString
                0x0800330c       0x38 Middlewares\ST\STM32_USB_Device_Library\Core\Src\usbd_ctlreq.o
                0x0800330c                USBD_GetString
 .text.USBD_CtlSendData
                0x08003344       0x1a Middlewares\ST\STM32_USB_Device_Library\Core\Src\usbd_ioreq.o
                0x08003344                USBD_CtlSendData
 .text.USBD_CtlContinueSendData
                0x0800335e       0x10 Middlewares\ST\STM32_USB_Device_Library\Core\Src\usbd_ioreq.o
                0x0800335e                USBD_CtlContinueSendData
 .text.USBD_CtlPrepareRx
                0x0800336e       0x1e Middlewares\ST\STM32_USB_Device_Library\Core\Src\usbd_ioreq.o
                0x0800336e                USBD_CtlPrepareRx
 .text.USBD_CtlContinueRx
                0x0800338c       0x10 Middlewares\ST\STM32_USB_Device_Library\Core\Src\usbd_ioreq.o
                0x0800338c                USBD_CtlContinueRx
 .text.USBD_CtlSendStatus
                0x0800339c       0x16 Middlewares\ST\STM32_USB_Device_Library\Core\Src\usbd_ioreq.o
                0x0800339c                USBD_CtlSendStatus
 .text.USBD_CtlReceiveStatus
                0x080033b2       0x16 Middlewares\ST\STM32_USB_Device_Library\Core\Src\usbd_ioreq.o
                0x080033b2                USBD_CtlReceiveStatus
 .text.osKernelStart
                0x080033c8        0xa Middlewares\Third_Party\FreeRTOS\Source\CMSIS_RTOS\cmsis_os.o
                0x080033c8                osKernelStart
 .text.osThreadCreate
                0x080033d2       0x50 Middlewares\Third_Party\FreeRTOS\Source\CMSIS_RTOS\cmsis_os.o
                0x080033d2                osThreadCreate
 .text.osDelay  0x08003422       0x10 Middlewares\Third_Party\FreeRTOS\Source\CMSIS_RTOS\cmsis_os.o
                0x08003422                osDelay
 .text.osSystickHandler
                0x08003432       0x14 Middlewares\Third_Party\FreeRTOS\Source\CMSIS_RTOS\cmsis_os.o
                0x08003432                osSystickHandler
 .text.vListInitialise
                0x08003446       0x16 Middlewares\Third_Party\FreeRTOS\Source\list.o
                0x08003446                vListInitialise
 .text.vListInitialiseItem
                0x0800345c        0x6 Middlewares\Third_Party\FreeRTOS\Source\list.o
                0x0800345c                vListInitialiseItem
 .text.vListInsertEnd
                0x08003462       0x18 Middlewares\Third_Party\FreeRTOS\Source\list.o
                0x08003462                vListInsertEnd
 .text.vListInsert
                0x0800347a       0x2e Middlewares\Third_Party\FreeRTOS\Source\list.o
                0x0800347a                vListInsert
 .text.uxListRemove
                0x080034a8       0x22 Middlewares\Third_Party\FreeRTOS\Source\list.o
                0x080034a8                uxListRemove
 *fill*         0x080034ca        0x2 
 .text.prvTaskExitError
                0x080034cc       0x40 Middlewares\Third_Party\FreeRTOS\Source\portable\GCC\ARM_CM4F\port.o
 .text.unlikely.prvPortStartFirstTask
                0x0800350c       0x28 Middlewares\Third_Party\FreeRTOS\Source\portable\GCC\ARM_CM4F\port.o
 .text.unlikely.vPortEnableVFP
                0x08003534       0x14 Middlewares\Third_Party\FreeRTOS\Source\portable\GCC\ARM_CM4F\port.o
 .text.pxPortInitialiseStack
                0x08003548       0x2c Middlewares\Third_Party\FreeRTOS\Source\portable\GCC\ARM_CM4F\port.o
                0x08003548                pxPortInitialiseStack
 *fill*         0x08003574        0xc 
 .text.SVC_Handler
                0x08003580       0x24 Middlewares\Third_Party\FreeRTOS\Source\portable\GCC\ARM_CM4F\port.o
                0x08003580                SVC_Handler
 .text.vPortEnterCritical
                0x080035a4       0x44 Middlewares\Third_Party\FreeRTOS\Source\portable\GCC\ARM_CM4F\port.o
                0x080035a4                vPortEnterCritical
 .text.vPortExitCritical
                0x080035e8       0x28 Middlewares\Third_Party\FreeRTOS\Source\portable\GCC\ARM_CM4F\port.o
                0x080035e8                vPortExitCritical
 .text.PendSV_Handler
                0x08003610       0x64 Middlewares\Third_Party\FreeRTOS\Source\portable\GCC\ARM_CM4F\port.o
                0x08003610                PendSV_Handler
 .text.xPortSysTickHandler
                0x08003674       0x2c Middlewares\Third_Party\FreeRTOS\Source\portable\GCC\ARM_CM4F\port.o
                0x08003674                xPortSysTickHandler
 .text.vPortSetupTimerInterrupt
                0x080036a0       0x34 Middlewares\Third_Party\FreeRTOS\Source\portable\GCC\ARM_CM4F\port.o
                0x080036a0                vPortSetupTimerInterrupt
 .text.xPortStartScheduler
                0x080036d4      0x10c Middlewares\Third_Party\FreeRTOS\Source\portable\GCC\ARM_CM4F\port.o
                0x080036d4                xPortStartScheduler
 .text.unlikely.prvInsertBlockIntoFreeList
                0x080037e0       0x48 Middlewares\Third_Party\FreeRTOS\Source\portable\MemMang\heap_4.o
 .text.pvPortMalloc
                0x08003828      0x11c Middlewares\Third_Party\FreeRTOS\Source\portable\MemMang\heap_4.o
                0x08003828                pvPortMalloc
 .text.vPortFree
                0x08003944       0x70 Middlewares\Third_Party\FreeRTOS\Source\portable\MemMang\heap_4.o
                0x08003944                vPortFree
 .text.prvAddNewTaskToReadyList
                0x080039b4       0xf8 Middlewares\Third_Party\FreeRTOS\Source\tasks.o
 .text.prvResetNextTaskUnblockTime
                0x08003aac       0x24 Middlewares\Third_Party\FreeRTOS\Source\tasks.o
 .text.prvInitialiseNewTask.isra.2
                0x08003ad0       0x82 Middlewares\Third_Party\FreeRTOS\Source\tasks.o
 .text.prvDeleteTCB
                0x08003b52       0x36 Middlewares\Third_Party\FreeRTOS\Source\tasks.o
 .text.prvIdleTask
                0x08003b88       0x64 Middlewares\Third_Party\FreeRTOS\Source\tasks.o
 .text.prvAddCurrentTaskToDelayedList
                0x08003bec       0x8c Middlewares\Third_Party\FreeRTOS\Source\tasks.o
 .text.xTaskCreateStatic
                0x08003c78       0x6e Middlewares\Third_Party\FreeRTOS\Source\tasks.o
                0x08003c78                xTaskCreateStatic
 .text.xTaskCreate
                0x08003ce6       0x5a Middlewares\Third_Party\FreeRTOS\Source\tasks.o
                0x08003ce6                xTaskCreate
 .text.vTaskStartScheduler
                0x08003d40       0x6c Middlewares\Third_Party\FreeRTOS\Source\tasks.o
                0x08003d40                vTaskStartScheduler
 .text.vTaskSuspendAll
                0x08003dac       0x10 Middlewares\Third_Party\FreeRTOS\Source\tasks.o
                0x08003dac                vTaskSuspendAll
 .text.xTaskIncrementTick
                0x08003dbc      0x124 Middlewares\Third_Party\FreeRTOS\Source\tasks.o
                0x08003dbc                xTaskIncrementTick
 .text.xTaskResumeAll
                0x08003ee0       0xf0 Middlewares\Third_Party\FreeRTOS\Source\tasks.o
                0x08003ee0                xTaskResumeAll
 .text.vTaskDelay
                0x08003fd0       0x48 Middlewares\Third_Party\FreeRTOS\Source\tasks.o
                0x08003fd0                vTaskDelay
 .text.vTaskSwitchContext
                0x08004018       0x74 Middlewares\Third_Party\FreeRTOS\Source\tasks.o
                0x08004018                vTaskSwitchContext
 .text.xTaskGetSchedulerState
                0x0800408c       0x20 Middlewares\Third_Party\FreeRTOS\Source\tasks.o
                0x0800408c                xTaskGetSchedulerState
 .text.MX_CAN1_Init
                0x080040ac       0x3c Src\can.o
                0x080040ac                MX_CAN1_Init
 .text.MX_CAN2_Init
                0x080040e8       0x3c Src\can.o
                0x080040e8                MX_CAN2_Init
 .text.HAL_CAN_MspInit
                0x08004124      0x178 Src\can.o
                0x08004124                HAL_CAN_MspInit
 .text.StartDefaultTask
                0x0800429c       0x24 Src\freertos.o
                0x0800429c                StartDefaultTask
 .text.vApplicationGetIdleTaskMemory
                0x080042c0       0x18 Src\freertos.o
                0x080042c0                vApplicationGetIdleTaskMemory
 .text.MX_FREERTOS_Init
                0x080042d8       0x2c Src\freertos.o
                0x080042d8                MX_FREERTOS_Init
 .text.MX_GPIO_Init
                0x08004304       0xbc Src\gpio.o
                0x08004304                MX_GPIO_Init
 .text.SystemClock_Config
                0x080043c0       0x94 Src\main.o
                0x080043c0                SystemClock_Config
 .text.startup.main
                0x08004454       0x40 Src\main.o
                0x08004454                main
 .text.Error_Handler
                0x08004494        0x2 Src\main.o
                0x08004494                Error_Handler
 *fill*         0x08004496        0x2 
 .text.HAL_MspInit
                0x08004498       0x44 Src\stm32f4xx_hal_msp.o
                0x08004498                HAL_MspInit
 .text.NMI_Handler
                0x080044dc        0x2 Src\stm32f4xx_it.o
                0x080044dc                NMI_Handler
 .text.HardFault_Handler
                0x080044de        0x2 Src\stm32f4xx_it.o
                0x080044de                HardFault_Handler
 .text.MemManage_Handler
                0x080044e0        0x2 Src\stm32f4xx_it.o
                0x080044e0                MemManage_Handler
 .text.BusFault_Handler
                0x080044e2        0x2 Src\stm32f4xx_it.o
                0x080044e2                BusFault_Handler
 .text.UsageFault_Handler
                0x080044e4        0x2 Src\stm32f4xx_it.o
                0x080044e4                UsageFault_Handler
 .text.DebugMon_Handler
                0x080044e6        0x2 Src\stm32f4xx_it.o
                0x080044e6                DebugMon_Handler
 .text.SysTick_Handler
                0x080044e8        0xe Src\stm32f4xx_it.o
                0x080044e8                SysTick_Handler
 *fill*         0x080044f6        0x2 
 .text.CAN1_SCE_IRQHandler
                0x080044f8        0xc Src\stm32f4xx_it.o
                0x080044f8                CAN1_SCE_IRQHandler
 .text.CAN1_RX1_IRQHandler
                0x08004504        0x4 Src\stm32f4xx_it.o
                0x08004504                CAN1_RX1_IRQHandler
 .text.CAN1_RX0_IRQHandler
                0x08004508        0x4 Src\stm32f4xx_it.o
                0x08004508                CAN1_RX0_IRQHandler
 .text.CAN1_TX_IRQHandler
                0x0800450c        0x4 Src\stm32f4xx_it.o
                0x0800450c                CAN1_TX_IRQHandler
 .text.USART1_IRQHandler
                0x08004510        0xc Src\stm32f4xx_it.o
                0x08004510                USART1_IRQHandler
 .text.USART2_IRQHandler
                0x0800451c        0xc Src\stm32f4xx_it.o
                0x0800451c                USART2_IRQHandler
 .text.CAN2_SCE_IRQHandler
                0x08004528        0xc Src\stm32f4xx_it.o
                0x08004528                CAN2_SCE_IRQHandler
 .text.CAN2_RX1_IRQHandler
                0x08004534        0x4 Src\stm32f4xx_it.o
                0x08004534                CAN2_RX1_IRQHandler
 .text.CAN2_RX0_IRQHandler
                0x08004538        0x4 Src\stm32f4xx_it.o
                0x08004538                CAN2_RX0_IRQHandler
 .text.CAN2_TX_IRQHandler
                0x0800453c        0x4 Src\stm32f4xx_it.o
                0x0800453c                CAN2_TX_IRQHandler
 .text.OTG_FS_IRQHandler
                0x08004540        0xc Src\stm32f4xx_it.o
                0x08004540                OTG_FS_IRQHandler
 .text._read    0x0800454c       0x1c Src\syscalls.o
                0x0800454c                _read
 .text._write   0x08004568       0x1c Src\syscalls.o
                0x08004568                _write
 .text._sbrk    0x08004584       0x34 Src\syscalls.o
                0x08004584                _sbrk
 .text._close   0x080045b8        0x6 Src\syscalls.o
                0x080045b8                _close
 .text._fstat   0x080045be        0xa Src\syscalls.o
                0x080045be                _fstat
 .text._isatty  0x080045c8        0x4 Src\syscalls.o
                0x080045c8                _isatty
 .text._lseek   0x080045cc        0x4 Src\syscalls.o
                0x080045cc                _lseek
 .text.SystemInit
                0x080045d0       0x4c Src\system_stm32f4xx.o
                0x080045d0                SystemInit
 .text.MX_USART1_UART_Init
                0x0800461c       0x38 Src\usart.o
                0x0800461c                MX_USART1_UART_Init
 .text.MX_USART2_UART_Init
                0x08004654       0x38 Src\usart.o
                0x08004654                MX_USART2_UART_Init
 .text.HAL_UART_MspInit
                0x0800468c       0xe4 Src\usart.o
                0x0800468c                HAL_UART_MspInit
 .text.__io_putchar
                0x08004770       0x20 Src\usart.o
                0x08004770                __io_putchar
 .text.MX_USB_DEVICE_Init
                0x08004790       0x50 Src\usb_device.o
                0x08004790                MX_USB_DEVICE_Init
 .text.CDC_DeInit_FS
                0x080047e0        0x4 Src\usbd_cdc_if.o
 .text.CDC_Control_FS
                0x080047e4        0x4 Src\usbd_cdc_if.o
 .text.CDC_Receive_FS
                0x080047e8       0x1c Src\usbd_cdc_if.o
 .text.CDC_Init_FS
                0x08004804       0x28 Src\usbd_cdc_if.o
 .text.HAL_PCD_MspInit
                0x0800482c       0x84 Src\usbd_conf.o
                0x0800482c                HAL_PCD_MspInit
 .text.HAL_PCD_SetupStageCallback
                0x080048b0        0xc Src\usbd_conf.o
                0x080048b0                HAL_PCD_SetupStageCallback
 .text.HAL_PCD_DataOutStageCallback
                0x080048bc       0x12 Src\usbd_conf.o
                0x080048bc                HAL_PCD_DataOutStageCallback
 .text.HAL_PCD_DataInStageCallback
                0x080048ce       0x10 Src\usbd_conf.o
                0x080048ce                HAL_PCD_DataInStageCallback
 .text.HAL_PCD_SOFCallback
                0x080048de        0x8 Src\usbd_conf.o
                0x080048de                HAL_PCD_SOFCallback
 .text.HAL_PCD_ResetCallback
                0x080048e6       0x26 Src\usbd_conf.o
                0x080048e6                HAL_PCD_ResetCallback
 .text.HAL_PCD_SuspendCallback
                0x0800490c       0x30 Src\usbd_conf.o
                0x0800490c                HAL_PCD_SuspendCallback
 .text.HAL_PCD_ResumeCallback
                0x0800493c        0x8 Src\usbd_conf.o
                0x0800493c                HAL_PCD_ResumeCallback
 .text.HAL_PCD_ISOOUTIncompleteCallback
                0x08004944        0x8 Src\usbd_conf.o
                0x08004944                HAL_PCD_ISOOUTIncompleteCallback
 .text.HAL_PCD_ISOINIncompleteCallback
                0x0800494c        0x8 Src\usbd_conf.o
                0x0800494c                HAL_PCD_ISOINIncompleteCallback
 .text.HAL_PCD_ConnectCallback
                0x08004954        0x8 Src\usbd_conf.o
                0x08004954                HAL_PCD_ConnectCallback
 .text.HAL_PCD_DisconnectCallback
                0x0800495c        0x8 Src\usbd_conf.o
                0x0800495c                HAL_PCD_DisconnectCallback
 .text.USBD_LL_Init
                0x08004964       0x5c Src\usbd_conf.o
                0x08004964                USBD_LL_Init
 .text.USBD_LL_Start
                0x080049c0       0x1c Src\usbd_conf.o
                0x080049c0                USBD_LL_Start
 .text.USBD_LL_OpenEP
                0x080049dc       0x20 Src\usbd_conf.o
                0x080049dc                USBD_LL_OpenEP
 .text.USBD_LL_CloseEP
                0x080049fc       0x1c Src\usbd_conf.o
                0x080049fc                USBD_LL_CloseEP
 .text.USBD_LL_StallEP
                0x08004a18       0x1c Src\usbd_conf.o
                0x08004a18                USBD_LL_StallEP
 .text.USBD_LL_ClearStallEP
                0x08004a34       0x1c Src\usbd_conf.o
                0x08004a34                USBD_LL_ClearStallEP
 .text.USBD_LL_IsStallEP
                0x08004a50       0x26 Src\usbd_conf.o
                0x08004a50                USBD_LL_IsStallEP
 *fill*         0x08004a76        0x2 
 .text.USBD_LL_SetUSBAddress
                0x08004a78       0x1c Src\usbd_conf.o
                0x08004a78                USBD_LL_SetUSBAddress
 .text.USBD_LL_Transmit
                0x08004a94       0x1c Src\usbd_conf.o
                0x08004a94                USBD_LL_Transmit
 .text.USBD_LL_PrepareReceive
                0x08004ab0       0x1c Src\usbd_conf.o
                0x08004ab0                USBD_LL_PrepareReceive
 .text.USBD_LL_GetRxDataSize
                0x08004acc        0x8 Src\usbd_conf.o
                0x08004acc                USBD_LL_GetRxDataSize
 .text.USBD_FS_DeviceDescriptor
                0x08004ad4        0xc Src\usbd_desc.o
                0x08004ad4                USBD_FS_DeviceDescriptor
 .text.USBD_FS_LangIDStrDescriptor
                0x08004ae0        0xc Src\usbd_desc.o
                0x08004ae0                USBD_FS_LangIDStrDescriptor
 .text.IntToUnicode
                0x08004aec       0x28 Src\usbd_desc.o
 .text.USBD_FS_SerialStrDescriptor
                0x08004b14       0x40 Src\usbd_desc.o
                0x08004b14                USBD_FS_SerialStrDescriptor
 .text.USBD_FS_ManufacturerStrDescriptor
                0x08004b54       0x1c Src\usbd_desc.o
                0x08004b54                USBD_FS_ManufacturerStrDescriptor
 .text.USBD_FS_ProductStrDescriptor
                0x08004b70       0x1c Src\usbd_desc.o
                0x08004b70                USBD_FS_ProductStrDescriptor
 .text.USBD_FS_ConfigStrDescriptor
                0x08004b8c       0x1c Src\usbd_desc.o
                0x08004b8c                USBD_FS_ConfigStrDescriptor
 .text.USBD_FS_InterfaceStrDescriptor
                0x08004ba8       0x1c Src\usbd_desc.o
                0x08004ba8                USBD_FS_InterfaceStrDescriptor
 .text.Reset_Handler
                0x08004bc4       0x50 startup\startup_stm32f407xx.o
                0x08004bc4                Reset_Handler
 .text.Default_Handler
                0x08004c14        0x2 startup\startup_stm32f407xx.o
                0x08004c14                RTC_Alarm_IRQHandler
                0x08004c14                HASH_RNG_IRQHandler
                0x08004c14                EXTI2_IRQHandler
                0x08004c14                TIM8_CC_IRQHandler
                0x08004c14                TIM1_CC_IRQHandler
                0x08004c14                DMA2_Stream5_IRQHandler
                0x08004c14                DMA1_Stream5_IRQHandler
                0x08004c14                PVD_IRQHandler
                0x08004c14                SDIO_IRQHandler
                0x08004c14                TAMP_STAMP_IRQHandler
                0x08004c14                EXTI3_IRQHandler
                0x08004c14                TIM8_TRG_COM_TIM14_IRQHandler
                0x08004c14                TIM1_UP_TIM10_IRQHandler
                0x08004c14                TIM8_UP_TIM13_IRQHandler
                0x08004c14                I2C3_ER_IRQHandler
                0x08004c14                EXTI0_IRQHandler
                0x08004c14                I2C2_EV_IRQHandler
                0x08004c14                DMA1_Stream2_IRQHandler
                0x08004c14                FPU_IRQHandler
                0x08004c14                OTG_HS_WKUP_IRQHandler
                0x08004c14                DMA2_Stream2_IRQHandler
                0x08004c14                SPI1_IRQHandler
                0x08004c14                TIM6_DAC_IRQHandler
                0x08004c14                TIM1_BRK_TIM9_IRQHandler
                0x08004c14                DCMI_IRQHandler
                0x08004c14                DMA2_Stream3_IRQHandler
                0x08004c14                USART6_IRQHandler
                0x08004c14                USART3_IRQHandler
                0x08004c14                UART5_IRQHandler
                0x08004c14                DMA2_Stream0_IRQHandler
                0x08004c14                TIM4_IRQHandler
                0x08004c14                I2C1_EV_IRQHandler
                0x08004c14                DMA1_Stream6_IRQHandler
                0x08004c14                DMA1_Stream1_IRQHandler
                0x08004c14                UART4_IRQHandler
                0x08004c14                TIM3_IRQHandler
                0x08004c14                RCC_IRQHandler
                0x08004c14                TIM8_BRK_TIM12_IRQHandler
                0x08004c14                Default_Handler
                0x08004c14                EXTI15_10_IRQHandler
                0x08004c14                ADC_IRQHandler
                0x08004c14                DMA1_Stream7_IRQHandler
                0x08004c14                TIM7_IRQHandler
                0x08004c14                TIM5_IRQHandler
                0x08004c14                DMA2_Stream7_IRQHandler
                0x08004c14                I2C3_EV_IRQHandler
                0x08004c14                EXTI9_5_IRQHandler
                0x08004c14                RTC_WKUP_IRQHandler
                0x08004c14                ETH_WKUP_IRQHandler
                0x08004c14                SPI2_IRQHandler
                0x08004c14                OTG_HS_EP1_IN_IRQHandler
                0x08004c14                DMA1_Stream0_IRQHandler
                0x08004c14                EXTI4_IRQHandler
                0x08004c14                FSMC_IRQHandler
                0x08004c14                ETH_IRQHandler
                0x08004c14                OTG_HS_EP1_OUT_IRQHandler
                0x08004c14                WWDG_IRQHandler
                0x08004c14                TIM2_IRQHandler
                0x08004c14                OTG_FS_WKUP_IRQHandler
                0x08004c14                TIM1_TRG_COM_TIM11_IRQHandler
                0x08004c14                OTG_HS_IRQHandler
                0x08004c14                EXTI1_IRQHandler
                0x08004c14                I2C2_ER_IRQHandler
                0x08004c14                DMA2_Stream1_IRQHandler
                0x08004c14                FLASH_IRQHandler
                0x08004c14                DMA2_Stream4_IRQHandler
                0x08004c14                SPI3_IRQHandler
                0x08004c14                DMA1_Stream4_IRQHandler
                0x08004c14                I2C1_ER_IRQHandler
                0x08004c14                DMA2_Stream6_IRQHandler
                0x08004c14                DMA1_Stream3_IRQHandler
 *fill*         0x08004c16        0x2 
 .text.__errno  0x08004c18        0xc d:/program files/truestudio for stm32 9.2.0/armtools/bin/../lib/gcc/arm-atollic-eabi/6.3.1/../../../../arm-atollic-eabi/lib/armv7e-m/fpu\libc_nano.a(lib_a-errno.o)
                0x08004c18                __errno
 .text.__libc_init_array
                0x08004c24       0x48 d:/program files/truestudio for stm32 9.2.0/armtools/bin/../lib/gcc/arm-atollic-eabi/6.3.1/../../../../arm-atollic-eabi/lib/armv7e-m/fpu\libc_nano.a(lib_a-init.o)
                0x08004c24                __libc_init_array
 .text.malloc   0x08004c6c       0x10 d:/program files/truestudio for stm32 9.2.0/armtools/bin/../lib/gcc/arm-atollic-eabi/6.3.1/../../../../arm-atollic-eabi/lib/armv7e-m/fpu\libc_nano.a(lib_a-malloc.o)
                0x08004c6c                malloc
 .text.free     0x08004c7c       0x10 d:/program files/truestudio for stm32 9.2.0/armtools/bin/../lib/gcc/arm-atollic-eabi/6.3.1/../../../../arm-atollic-eabi/lib/armv7e-m/fpu\libc_nano.a(lib_a-malloc.o)
                0x08004c7c                free
 .text.memset   0x08004c8c       0x10 d:/program files/truestudio for stm32 9.2.0/armtools/bin/../lib/gcc/arm-atollic-eabi/6.3.1/../../../../arm-atollic-eabi/lib/armv7e-m/fpu\libc_nano.a(lib_a-memset.o)
                0x08004c8c                memset
 .text._free_r  0x08004c9c       0x9c d:/program files/truestudio for stm32 9.2.0/armtools/bin/../lib/gcc/arm-atollic-eabi/6.3.1/../../../../arm-atollic-eabi/lib/armv7e-m/fpu\libc_nano.a(lib_a-nano-freer.o)
                0x08004c9c                _free_r
 .text._malloc_r
                0x08004d38       0xbc d:/program files/truestudio for stm32 9.2.0/armtools/bin/../lib/gcc/arm-atollic-eabi/6.3.1/../../../../arm-atollic-eabi/lib/armv7e-m/fpu\libc_nano.a(lib_a-nano-mallocr.o)
                0x08004d38                _malloc_r
 .text.printf   0x08004df4       0x30 d:/program files/truestudio for stm32 9.2.0/armtools/bin/../lib/gcc/arm-atollic-eabi/6.3.1/../../../../arm-atollic-eabi/lib/armv7e-m/fpu\libc_nano.a(lib_a-printf.o)
                0x08004df4                iprintf
                0x08004df4                printf
 .text._puts_r  0x08004e24       0xb8 d:/program files/truestudio for stm32 9.2.0/armtools/bin/../lib/gcc/arm-atollic-eabi/6.3.1/../../../../arm-atollic-eabi/lib/armv7e-m/fpu\libc_nano.a(lib_a-puts.o)
                0x08004e24                _puts_r
 .text.puts     0x08004edc       0x10 d:/program files/truestudio for stm32 9.2.0/armtools/bin/../lib/gcc/arm-atollic-eabi/6.3.1/../../../../arm-atollic-eabi/lib/armv7e-m/fpu\libc_nano.a(lib_a-puts.o)
                0x08004edc                puts
 .text._sbrk_r  0x08004eec       0x20 d:/program files/truestudio for stm32 9.2.0/armtools/bin/../lib/gcc/arm-atollic-eabi/6.3.1/../../../../arm-atollic-eabi/lib/armv7e-m/fpu\libc_nano.a(lib_a-sbrkr.o)
                0x08004eec                _sbrk_r
 .text.__swbuf_r
                0x08004f0c       0xa4 d:/program files/truestudio for stm32 9.2.0/armtools/bin/../lib/gcc/arm-atollic-eabi/6.3.1/../../../../arm-atollic-eabi/lib/armv7e-m/fpu\libc_nano.a(lib_a-wbuf.o)
                0x08004f0c                __swbuf_r
 .text.__swsetup_r
                0x08004fb0       0xdc d:/program files/truestudio for stm32 9.2.0/armtools/bin/../lib/gcc/arm-atollic-eabi/6.3.1/../../../../arm-atollic-eabi/lib/armv7e-m/fpu\libc_nano.a(lib_a-wsetup.o)
                0x08004fb0                __swsetup_r
 .text.__sflush_r
                0x0800508c      0x110 d:/program files/truestudio for stm32 9.2.0/armtools/bin/../lib/gcc/arm-atollic-eabi/6.3.1/../../../../arm-atollic-eabi/lib/armv7e-m/fpu\libc_nano.a(lib_a-fflush.o)
                0x0800508c                __sflush_r
 .text._fflush_r
                0x0800519c       0x54 d:/program files/truestudio for stm32 9.2.0/armtools/bin/../lib/gcc/arm-atollic-eabi/6.3.1/../../../../arm-atollic-eabi/lib/armv7e-m/fpu\libc_nano.a(lib_a-fflush.o)
                0x0800519c                _fflush_r
 .text._cleanup_r
                0x080051f0        0xc d:/program files/truestudio for stm32 9.2.0/armtools/bin/../lib/gcc/arm-atollic-eabi/6.3.1/../../../../arm-atollic-eabi/lib/armv7e-m/fpu\libc_nano.a(lib_a-findfp.o)
                0x080051f0                _cleanup_r
 .text.std.isra.0
                0x080051fc       0x48 d:/program files/truestudio for stm32 9.2.0/armtools/bin/../lib/gcc/arm-atollic-eabi/6.3.1/../../../../arm-atollic-eabi/lib/armv7e-m/fpu\libc_nano.a(lib_a-findfp.o)
 .text.__sfmoreglue
                0x08005244       0x2c d:/program files/truestudio for stm32 9.2.0/armtools/bin/../lib/gcc/arm-atollic-eabi/6.3.1/../../../../arm-atollic-eabi/lib/armv7e-m/fpu\libc_nano.a(lib_a-findfp.o)
                0x08005244                __sfmoreglue
 .text.__sinit  0x08005270       0x60 d:/program files/truestudio for stm32 9.2.0/armtools/bin/../lib/gcc/arm-atollic-eabi/6.3.1/../../../../arm-atollic-eabi/lib/armv7e-m/fpu\libc_nano.a(lib_a-findfp.o)
                0x08005270                __sinit
 .text.__sfp    0x080052d0       0x78 d:/program files/truestudio for stm32 9.2.0/armtools/bin/../lib/gcc/arm-atollic-eabi/6.3.1/../../../../arm-atollic-eabi/lib/armv7e-m/fpu\libc_nano.a(lib_a-findfp.o)
                0x080052d0                __sfp
 .text._fwalk_reent
                0x08005348       0x3c d:/program files/truestudio for stm32 9.2.0/armtools/bin/../lib/gcc/arm-atollic-eabi/6.3.1/../../../../arm-atollic-eabi/lib/armv7e-m/fpu\libc_nano.a(lib_a-fwalk.o)
                0x08005348                _fwalk_reent
 .text.__swhatbuf_r
                0x08005384       0x48 d:/program files/truestudio for stm32 9.2.0/armtools/bin/../lib/gcc/arm-atollic-eabi/6.3.1/../../../../arm-atollic-eabi/lib/armv7e-m/fpu\libc_nano.a(lib_a-makebuf.o)
                0x08005384                __swhatbuf_r
 .text.__smakebuf_r
                0x080053cc       0x80 d:/program files/truestudio for stm32 9.2.0/armtools/bin/../lib/gcc/arm-atollic-eabi/6.3.1/../../../../arm-atollic-eabi/lib/armv7e-m/fpu\libc_nano.a(lib_a-makebuf.o)
                0x080053cc                __smakebuf_r
 .text.__malloc_lock
                0x0800544c        0x2 d:/program files/truestudio for stm32 9.2.0/armtools/bin/../lib/gcc/arm-atollic-eabi/6.3.1/../../../../arm-atollic-eabi/lib/armv7e-m/fpu\libc_nano.a(lib_a-mlock.o)
                0x0800544c                __malloc_lock
 .text.__malloc_unlock
                0x0800544e        0x2 d:/program files/truestudio for stm32 9.2.0/armtools/bin/../lib/gcc/arm-atollic-eabi/6.3.1/../../../../arm-atollic-eabi/lib/armv7e-m/fpu\libc_nano.a(lib_a-mlock.o)
                0x0800544e                __malloc_unlock
 .text.__sfputc_r
                0x08005450       0x30 d:/program files/truestudio for stm32 9.2.0/armtools/bin/../lib/gcc/arm-atollic-eabi/6.3.1/../../../../arm-atollic-eabi/lib/armv7e-m/fpu\libc_nano.a(lib_a-nano-vfprintf.o)
 .text.__sfputs_r
                0x08005480       0x24 d:/program files/truestudio for stm32 9.2.0/armtools/bin/../lib/gcc/arm-atollic-eabi/6.3.1/../../../../arm-atollic-eabi/lib/armv7e-m/fpu\libc_nano.a(lib_a-nano-vfprintf.o)
                0x08005480                __sfputs_r
 .text._vfprintf_r
                0x080054a4      0x22c d:/program files/truestudio for stm32 9.2.0/armtools/bin/../lib/gcc/arm-atollic-eabi/6.3.1/../../../../arm-atollic-eabi/lib/armv7e-m/fpu\libc_nano.a(lib_a-nano-vfprintf.o)
                0x080054a4                _vfprintf_r
                0x080054a4                _vfiprintf_r
 .text._printf_common
                0x080056d0       0xec d:/program files/truestudio for stm32 9.2.0/armtools/bin/../lib/gcc/arm-atollic-eabi/6.3.1/../../../../arm-atollic-eabi/lib/armv7e-m/fpu\libc_nano.a(lib_a-nano-vfprintf_i.o)
                0x080056d0                _printf_common
 .text._printf_i
                0x080057bc      0x240 d:/program files/truestudio for stm32 9.2.0/armtools/bin/../lib/gcc/arm-atollic-eabi/6.3.1/../../../../arm-atollic-eabi/lib/armv7e-m/fpu\libc_nano.a(lib_a-nano-vfprintf_i.o)
                0x080057bc                _printf_i
 .text.__sread  0x080059fc       0x22 d:/program files/truestudio for stm32 9.2.0/armtools/bin/../lib/gcc/arm-atollic-eabi/6.3.1/../../../../arm-atollic-eabi/lib/armv7e-m/fpu\libc_nano.a(lib_a-stdio.o)
                0x080059fc                __sread
 .text.__swrite
                0x08005a1e       0x38 d:/program files/truestudio for stm32 9.2.0/armtools/bin/../lib/gcc/arm-atollic-eabi/6.3.1/../../../../arm-atollic-eabi/lib/armv7e-m/fpu\libc_nano.a(lib_a-stdio.o)
                0x08005a1e                __swrite
 .text.__sseek  0x08005a56       0x24 d:/program files/truestudio for stm32 9.2.0/armtools/bin/../lib/gcc/arm-atollic-eabi/6.3.1/../../../../arm-atollic-eabi/lib/armv7e-m/fpu\libc_nano.a(lib_a-stdio.o)
                0x08005a56                __sseek
 .text.__sclose
                0x08005a7a        0x8 d:/program files/truestudio for stm32 9.2.0/armtools/bin/../lib/gcc/arm-atollic-eabi/6.3.1/../../../../arm-atollic-eabi/lib/armv7e-m/fpu\libc_nano.a(lib_a-stdio.o)
                0x08005a7a                __sclose
 *fill*         0x08005a82        0x2 
 .text._write_r
                0x08005a84       0x24 d:/program files/truestudio for stm32 9.2.0/armtools/bin/../lib/gcc/arm-atollic-eabi/6.3.1/../../../../arm-atollic-eabi/lib/armv7e-m/fpu\libc_nano.a(lib_a-writer.o)
                0x08005a84                _write_r
 .text._close_r
                0x08005aa8       0x20 d:/program files/truestudio for stm32 9.2.0/armtools/bin/../lib/gcc/arm-atollic-eabi/6.3.1/../../../../arm-atollic-eabi/lib/armv7e-m/fpu\libc_nano.a(lib_a-closer.o)
                0x08005aa8                _close_r
 .text._fstat_r
                0x08005ac8       0x24 d:/program files/truestudio for stm32 9.2.0/armtools/bin/../lib/gcc/arm-atollic-eabi/6.3.1/../../../../arm-atollic-eabi/lib/armv7e-m/fpu\libc_nano.a(lib_a-fstatr.o)
                0x08005ac8                _fstat_r
 .text._isatty_r
                0x08005aec       0x20 d:/program files/truestudio for stm32 9.2.0/armtools/bin/../lib/gcc/arm-atollic-eabi/6.3.1/../../../../arm-atollic-eabi/lib/armv7e-m/fpu\libc_nano.a(lib_a-isattyr.o)
                0x08005aec                _isatty_r
 .text._lseek_r
                0x08005b0c       0x24 d:/program files/truestudio for stm32 9.2.0/armtools/bin/../lib/gcc/arm-atollic-eabi/6.3.1/../../../../arm-atollic-eabi/lib/armv7e-m/fpu\libc_nano.a(lib_a-lseekr.o)
                0x08005b0c                _lseek_r
 .text._read_r  0x08005b30       0x24 d:/program files/truestudio for stm32 9.2.0/armtools/bin/../lib/gcc/arm-atollic-eabi/6.3.1/../../../../arm-atollic-eabi/lib/armv7e-m/fpu\libc_nano.a(lib_a-readr.o)
                0x08005b30                _read_r
 *(.glue_7)
 .glue_7        0x08005b54        0x0 linker stubs
 *(.glue_7t)
 .glue_7t       0x08005b54        0x0 linker stubs
 *(.eh_frame)
 .eh_frame      0x08005b54        0x0 d:/program files/truestudio for stm32 9.2.0/armtools/bin/../lib/gcc/arm-atollic-eabi/6.3.1/armv7e-m/fpu/crtbegin.o
 *(.init)
 .init          0x08005b54        0x4 d:/program files/truestudio for stm32 9.2.0/armtools/bin/../lib/gcc/arm-atollic-eabi/6.3.1/armv7e-m/fpu/crti.o
                0x08005b54                _init
 .init          0x08005b58        0x8 d:/program files/truestudio for stm32 9.2.0/armtools/bin/../lib/gcc/arm-atollic-eabi/6.3.1/armv7e-m/fpu/crtn.o
 *(.fini)
 .fini          0x08005b60        0x4 d:/program files/truestudio for stm32 9.2.0/armtools/bin/../lib/gcc/arm-atollic-eabi/6.3.1/armv7e-m/fpu/crti.o
                0x08005b60                _fini
 .fini          0x08005b64        0x8 d:/program files/truestudio for stm32 9.2.0/armtools/bin/../lib/gcc/arm-atollic-eabi/6.3.1/armv7e-m/fpu/crtn.o
                0x08005b6c                . = ALIGN (0x4)
                0x08005b6c                _etext = .

.vfp11_veneer   0x08005b6c        0x0
 .vfp11_veneer  0x08005b6c        0x0 linker stubs

.v4_bx          0x08005b6c        0x0
 .v4_bx         0x08005b6c        0x0 linker stubs

.iplt           0x08005b6c        0x0
 .iplt          0x08005b6c        0x0 d:/program files/truestudio for stm32 9.2.0/armtools/bin/../lib/gcc/arm-atollic-eabi/6.3.1/armv7e-m/fpu/crtbegin.o

.rodata         0x08005b6c      0x150
                0x08005b6c                . = ALIGN (0x4)
 *(.rodata)
 .rodata        0x08005b6c       0x1c Src\freertos.o
 *(.rodata*)
 .rodata.vTaskStartScheduler.str1.1
                0x08005b88        0x5 Middlewares\Third_Party\FreeRTOS\Source\tasks.o
 .rodata.StartDefaultTask.str1.1
                0x08005b8d        0xd Src\freertos.o
 .rodata.str1.1
                0x08005b9a        0xc Src\freertos.o
 .rodata.__FUNCTION__.10345
                0x08005ba6        0x5 Src\main.o
 .rodata.main.str1.1
                0x08005bab       0x19 Src\main.o
 .rodata.AHBPrescTable
                0x08005bc4       0x10 Src\system_stm32f4xx.o
                0x08005bc4                AHBPrescTable
 .rodata.APBPrescTable
                0x08005bd4        0x8 Src\system_stm32f4xx.o
                0x08005bd4                APBPrescTable
 .rodata.CSWTCH.23
                0x08005bdc        0x4 Src\usbd_conf.o
 .rodata.USBD_FS_ConfigStrDescriptor.str1.1
                0x08005be0        0xb Src\usbd_desc.o
 .rodata.USBD_FS_InterfaceStrDescriptor.str1.1
                0x08005beb        0xe Src\usbd_desc.o
 .rodata.USBD_FS_ManufacturerStrDescriptor.str1.1
                0x08005bf9       0x13 Src\usbd_desc.o
 .rodata.USBD_FS_ProductStrDescriptor.str1.1
                0x08005c0c       0x16 Src\usbd_desc.o
 *fill*         0x08005c22        0x2 
 .rodata._global_impure_ptr
                0x08005c24        0x4 d:/program files/truestudio for stm32 9.2.0/armtools/bin/../lib/gcc/arm-atollic-eabi/6.3.1/../../../../arm-atollic-eabi/lib/armv7e-m/fpu\libc_nano.a(lib_a-impure.o)
                0x08005c24                _global_impure_ptr
 .rodata.__sf_fake_stderr
                0x08005c28       0x20 d:/program files/truestudio for stm32 9.2.0/armtools/bin/../lib/gcc/arm-atollic-eabi/6.3.1/../../../../arm-atollic-eabi/lib/armv7e-m/fpu\libc_nano.a(lib_a-findfp.o)
                0x08005c28                __sf_fake_stderr
 .rodata.__sf_fake_stdin
                0x08005c48       0x20 d:/program files/truestudio for stm32 9.2.0/armtools/bin/../lib/gcc/arm-atollic-eabi/6.3.1/../../../../arm-atollic-eabi/lib/armv7e-m/fpu\libc_nano.a(lib_a-findfp.o)
                0x08005c48                __sf_fake_stdin
 .rodata.__sf_fake_stdout
                0x08005c68       0x20 d:/program files/truestudio for stm32 9.2.0/armtools/bin/../lib/gcc/arm-atollic-eabi/6.3.1/../../../../arm-atollic-eabi/lib/armv7e-m/fpu\libc_nano.a(lib_a-findfp.o)
                0x08005c68                __sf_fake_stdout
 .rodata._vfprintf_r.str1.1
                0x08005c88       0x11 d:/program files/truestudio for stm32 9.2.0/armtools/bin/../lib/gcc/arm-atollic-eabi/6.3.1/../../../../arm-atollic-eabi/lib/armv7e-m/fpu\libc_nano.a(lib_a-nano-vfprintf.o)
 .rodata._printf_i.str1.1
                0x08005c99       0x22 d:/program files/truestudio for stm32 9.2.0/armtools/bin/../lib/gcc/arm-atollic-eabi/6.3.1/../../../../arm-atollic-eabi/lib/armv7e-m/fpu\libc_nano.a(lib_a-nano-vfprintf_i.o)
                0x08005cbc                . = ALIGN (0x4)
 *fill*         0x08005cbb        0x1 

.ARM.extab
 *(.ARM.extab* .gnu.linkonce.armextab.*)

.ARM            0x08005cbc        0x8
                0x08005cbc                __exidx_start = .
 *(.ARM.exidx*)
 .ARM.exidx     0x08005cbc        0x8 d:/program files/truestudio for stm32 9.2.0/armtools/bin/../lib/gcc/arm-atollic-eabi/6.3.1/armv7e-m/fpu\libgcc.a(_udivmoddi4.o)
                0x08005cc4                __exidx_end = .

.rel.dyn        0x08005cc4        0x0
 .rel.iplt      0x08005cc4        0x0 d:/program files/truestudio for stm32 9.2.0/armtools/bin/../lib/gcc/arm-atollic-eabi/6.3.1/armv7e-m/fpu/crtbegin.o

.preinit_array  0x08005cc4        0x0
                0x08005cc4                PROVIDE (__preinit_array_start, .)
 *(.preinit_array*)
                0x08005cc4                PROVIDE (__preinit_array_end, .)

.init_array     0x08005cc4        0x4
                0x08005cc4                PROVIDE (__init_array_start, .)
 *(SORT(.init_array.*))
 *(.init_array*)
 .init_array    0x08005cc4        0x4 d:/program files/truestudio for stm32 9.2.0/armtools/bin/../lib/gcc/arm-atollic-eabi/6.3.1/armv7e-m/fpu/crtbegin.o
                0x08005cc8                PROVIDE (__init_array_end, .)

.fini_array     0x08005cc8        0x4
                [!provide]                PROVIDE (__fini_array_start, .)
 *(SORT(.fini_array.*))
 *(.fini_array*)
 .fini_array    0x08005cc8        0x4 d:/program files/truestudio for stm32 9.2.0/armtools/bin/../lib/gcc/arm-atollic-eabi/6.3.1/armv7e-m/fpu/crtbegin.o
                [!provide]                PROVIDE (__fini_array_end, .)
                0x08005ccc                _sidata = LOADADDR (.data)

.data           0x20000000      0x1e4 load address 0x08005ccc
                0x20000000                . = ALIGN (0x4)
                0x20000000                _sdata = .
 *(.data)
 *(.data*)
 .data.uwTickFreq
                0x20000000        0x1 Drivers\STM32F4xx_HAL_Driver\Src\stm32f4xx_hal.o
                0x20000000                uwTickFreq
 *fill*         0x20000001        0x3 
 .data.uwTickPrio
                0x20000004        0x4 Drivers\STM32F4xx_HAL_Driver\Src\stm32f4xx_hal.o
                0x20000004                uwTickPrio
 .data.USBD_CDC
                0x20000008       0x38 Middlewares\ST\STM32_USB_Device_Library\Class\CDC\Src\usbd_cdc.o
                0x20000008                USBD_CDC
 .data.USBD_CDC_CfgFSDesc
                0x20000040       0x43 Middlewares\ST\STM32_USB_Device_Library\Class\CDC\Src\usbd_cdc.o
                0x20000040                USBD_CDC_CfgFSDesc
 *fill*         0x20000083        0x1 
 .data.USBD_CDC_CfgHSDesc
                0x20000084       0x43 Middlewares\ST\STM32_USB_Device_Library\Class\CDC\Src\usbd_cdc.o
                0x20000084                USBD_CDC_CfgHSDesc
 *fill*         0x200000c7        0x1 
 .data.USBD_CDC_DeviceQualifierDesc
                0x200000c8        0xa Middlewares\ST\STM32_USB_Device_Library\Class\CDC\Src\usbd_cdc.o
 *fill*         0x200000d2        0x2 
 .data.USBD_CDC_OtherSpeedCfgDesc
                0x200000d4       0x43 Middlewares\ST\STM32_USB_Device_Library\Class\CDC\Src\usbd_cdc.o
                0x200000d4                USBD_CDC_OtherSpeedCfgDesc
 *fill*         0x20000117        0x1 
 .data.uxCriticalNesting
                0x20000118        0x4 Middlewares\Third_Party\FreeRTOS\Source\portable\GCC\ARM_CM4F\port.o
 .data.SystemCoreClock
                0x2000011c        0x4 Src\system_stm32f4xx.o
                0x2000011c                SystemCoreClock
 .data.USBD_Interface_fops_FS
                0x20000120       0x10 Src\usbd_cdc_if.o
                0x20000120                USBD_Interface_fops_FS
 .data.FS_Desc  0x20000130       0x1c Src\usbd_desc.o
                0x20000130                FS_Desc
 .data.USBD_FS_DeviceDesc
                0x2000014c       0x12 Src\usbd_desc.o
                0x2000014c                USBD_FS_DeviceDesc
 *fill*         0x2000015e        0x2 
 .data.USBD_LangIDDesc
                0x20000160        0x4 Src\usbd_desc.o
                0x20000160                USBD_LangIDDesc
 .data.USBD_StringSerial
                0x20000164       0x1a Src\usbd_desc.o
                0x20000164                USBD_StringSerial
 *fill*         0x2000017e        0x2 
 .data._impure_ptr
                0x20000180        0x4 d:/program files/truestudio for stm32 9.2.0/armtools/bin/../lib/gcc/arm-atollic-eabi/6.3.1/../../../../arm-atollic-eabi/lib/armv7e-m/fpu\libc_nano.a(lib_a-impure.o)
                0x20000180                _impure_ptr
 .data.impure_data
                0x20000184       0x60 d:/program files/truestudio for stm32 9.2.0/armtools/bin/../lib/gcc/arm-atollic-eabi/6.3.1/../../../../arm-atollic-eabi/lib/armv7e-m/fpu\libc_nano.a(lib_a-impure.o)
                0x200001e4                . = ALIGN (0x4)
                0x200001e4                _edata = .
                0x08005eb0                _siccmram = LOADADDR (.ccmram)

.igot.plt       0x200001e4        0x0 load address 0x08005eb0
 .igot.plt      0x200001e4        0x0 d:/program files/truestudio for stm32 9.2.0/armtools/bin/../lib/gcc/arm-atollic-eabi/6.3.1/armv7e-m/fpu/crtbegin.o

.ccmram         0x10000000        0x0 load address 0x08005eb0
                0x10000000                . = ALIGN (0x4)
                0x10000000                _sccmram = .
 *(.ccmram)
 *(.ccmram*)
                0x10000000                . = ALIGN (0x4)
                0x10000000                _eccmram = .
                0x10000000                . = ALIGN (0x4)

.bss            0x200001e4     0x5948
                0x200001e4                _sbss = .
                0x200001e4                __bss_start__ = _sbss
 *(.bss)
 .bss           0x200001e4       0x1c d:/program files/truestudio for stm32 9.2.0/armtools/bin/../lib/gcc/arm-atollic-eabi/6.3.1/armv7e-m/fpu/crtbegin.o
 *(.bss*)
 .bss.cfgidx.9780
                0x20000200        0x1 Middlewares\ST\STM32_USB_Device_Library\Core\Src\usbd_ctlreq.o
 .bss.ucMaxSysCallPriority
                0x20000201        0x1 Middlewares\Third_Party\FreeRTOS\Source\portable\GCC\ARM_CM4F\port.o
 *fill*         0x20000202        0x2 
 .bss.ulMaxPRIGROUPValue
                0x20000204        0x4 Middlewares\Third_Party\FreeRTOS\Source\portable\GCC\ARM_CM4F\port.o
 .bss.pxEnd     0x20000208        0x4 Middlewares\Third_Party\FreeRTOS\Source\portable\MemMang\heap_4.o
 .bss.ucHeap    0x2000020c     0x3c00 Middlewares\Third_Party\FreeRTOS\Source\portable\MemMang\heap_4.o
 .bss.xBlockAllocatedBit
                0x20003e0c        0x4 Middlewares\Third_Party\FreeRTOS\Source\portable\MemMang\heap_4.o
 .bss.xFreeBytesRemaining
                0x20003e10        0x4 Middlewares\Third_Party\FreeRTOS\Source\portable\MemMang\heap_4.o
 .bss.xMinimumEverFreeBytesRemaining
                0x20003e14        0x4 Middlewares\Third_Party\FreeRTOS\Source\portable\MemMang\heap_4.o
 .bss.xStart    0x20003e18        0x8 Middlewares\Third_Party\FreeRTOS\Source\portable\MemMang\heap_4.o
 .bss.pxCurrentTCB
                0x20003e20        0x4 Middlewares\Third_Party\FreeRTOS\Source\tasks.o
                0x20003e20                pxCurrentTCB
 .bss.pxDelayedTaskList
                0x20003e24        0x4 Middlewares\Third_Party\FreeRTOS\Source\tasks.o
 .bss.pxOverflowDelayedTaskList
                0x20003e28        0x4 Middlewares\Third_Party\FreeRTOS\Source\tasks.o
 .bss.pxReadyTasksLists
                0x20003e2c       0x8c Middlewares\Third_Party\FreeRTOS\Source\tasks.o
 .bss.uxCurrentNumberOfTasks
                0x20003eb8        0x4 Middlewares\Third_Party\FreeRTOS\Source\tasks.o
 .bss.uxDeletedTasksWaitingCleanUp
                0x20003ebc        0x4 Middlewares\Third_Party\FreeRTOS\Source\tasks.o
 .bss.uxPendedTicks
                0x20003ec0        0x4 Middlewares\Third_Party\FreeRTOS\Source\tasks.o
 .bss.uxSchedulerSuspended
                0x20003ec4        0x4 Middlewares\Third_Party\FreeRTOS\Source\tasks.o
 .bss.uxTaskNumber
                0x20003ec8        0x4 Middlewares\Third_Party\FreeRTOS\Source\tasks.o
 .bss.uxTopReadyPriority
                0x20003ecc        0x4 Middlewares\Third_Party\FreeRTOS\Source\tasks.o
 .bss.xDelayedTaskList1
                0x20003ed0       0x14 Middlewares\Third_Party\FreeRTOS\Source\tasks.o
 .bss.xDelayedTaskList2
                0x20003ee4       0x14 Middlewares\Third_Party\FreeRTOS\Source\tasks.o
 .bss.xNextTaskUnblockTime
                0x20003ef8        0x4 Middlewares\Third_Party\FreeRTOS\Source\tasks.o
 .bss.xNumOfOverflows
                0x20003efc        0x4 Middlewares\Third_Party\FreeRTOS\Source\tasks.o
 .bss.xPendingReadyList
                0x20003f00       0x14 Middlewares\Third_Party\FreeRTOS\Source\tasks.o
 .bss.xSchedulerRunning
                0x20003f14        0x4 Middlewares\Third_Party\FreeRTOS\Source\tasks.o
 .bss.xSuspendedTaskList
                0x20003f18       0x14 Middlewares\Third_Party\FreeRTOS\Source\tasks.o
 .bss.xTasksWaitingTermination
                0x20003f2c       0x14 Middlewares\Third_Party\FreeRTOS\Source\tasks.o
 .bss.xTickCount
                0x20003f40        0x4 Middlewares\Third_Party\FreeRTOS\Source\tasks.o
 .bss.xYieldPending
                0x20003f44        0x4 Middlewares\Third_Party\FreeRTOS\Source\tasks.o
 .bss.HAL_RCC_CAN1_CLK_ENABLED
                0x20003f48        0x4 Src\can.o
 .bss.xIdleStack
                0x20003f4c      0x200 Src\freertos.o
 .bss.xIdleTaskTCBBuffer
                0x2000414c       0x54 Src\freertos.o
 .bss.heap_end.7010
                0x200041a0        0x4 Src\syscalls.o
 .bss.__malloc_free_list
                0x200041a4        0x4 d:/program files/truestudio for stm32 9.2.0/armtools/bin/../lib/gcc/arm-atollic-eabi/6.3.1/../../../../arm-atollic-eabi/lib/armv7e-m/fpu\libc_nano.a(lib_a-nano-mallocr.o)
                0x200041a4                __malloc_free_list
 .bss.__malloc_sbrk_start
                0x200041a8        0x4 d:/program files/truestudio for stm32 9.2.0/armtools/bin/../lib/gcc/arm-atollic-eabi/6.3.1/../../../../arm-atollic-eabi/lib/armv7e-m/fpu\libc_nano.a(lib_a-nano-mallocr.o)
                0x200041a8                __malloc_sbrk_start
 *(COMMON)
 COMMON         0x200041ac        0x4 Drivers\STM32F4xx_HAL_Driver\Src\stm32f4xx_hal.o
                0x200041ac                uwTick
 COMMON         0x200041b0       0x50 Src\can.o
                0x200041b0                hcan2
                0x200041d8                hcan1
 COMMON         0x20004200        0x4 Src\freertos.o
                0x20004200                defaultTaskHandle
 COMMON         0x20004204       0x80 Src\usart.o
                0x20004204                huart1
                0x20004244                huart2
 COMMON         0x20004284      0x29c Src\usb_device.o
                0x20004284                hUsbDeviceFS
 COMMON         0x20004520     0x1000 Src\usbd_cdc_if.o
                0x20004520                UserRxBufferFS
                0x20004d20                UserTxBufferFS
 COMMON         0x20005520      0x408 Src\usbd_conf.o
                0x20005520                hpcd_USB_OTG_FS
 COMMON         0x20005928      0x200 Src\usbd_desc.o
                0x20005928                USBD_StrDesc
 COMMON         0x20005b28        0x4 d:/program files/truestudio for stm32 9.2.0/armtools/bin/../lib/gcc/arm-atollic-eabi/6.3.1/../../../../arm-atollic-eabi/lib/armv7e-m/fpu\libc_nano.a(lib_a-reent.o)
                0x20005b28                errno
                0x20005b2c                . = ALIGN (0x4)
                0x20005b2c                _ebss = .
                0x20005b2c                __bss_end__ = _ebss

._user_heap_stack
                0x20005b2c     0x1000
                0x20005b2c                . = ALIGN (0x4)
                0x20005b2c                PROVIDE (end, .)
                [!provide]                PROVIDE (_end, .)
                0x2000632c                . = (. + _Min_Heap_Size)
 *fill*         0x20005b2c      0x800 
                0x20006b2c                . = (. + _Min_Stack_Size)
 *fill*         0x2000632c      0x800 
                0x20006b2c                . = ALIGN (0x4)

/DISCARD/
 libc.a(*)
 libm.a(*)
 libgcc.a(*)

.ARM.attributes
                0x00000000       0x30
 *(.ARM.attributes)
 .ARM.attributes
                0x00000000       0x22 d:/program files/truestudio for stm32 9.2.0/armtools/bin/../lib/gcc/arm-atollic-eabi/6.3.1/armv7e-m/fpu/crti.o
 .ARM.attributes
                0x00000022       0x34 d:/program files/truestudio for stm32 9.2.0/armtools/bin/../lib/gcc/arm-atollic-eabi/6.3.1/armv7e-m/fpu/crtbegin.o
 .ARM.attributes
                0x00000056       0x39 Drivers\STM32F4xx_HAL_Driver\Src\stm32f4xx_hal.o
 .ARM.attributes
                0x0000008f       0x39 Drivers\STM32F4xx_HAL_Driver\Src\stm32f4xx_hal_can.o
 .ARM.attributes
                0x000000c8       0x39 Drivers\STM32F4xx_HAL_Driver\Src\stm32f4xx_hal_cortex.o
 .ARM.attributes
                0x00000101       0x39 Drivers\STM32F4xx_HAL_Driver\Src\stm32f4xx_hal_dma.o
 .ARM.attributes
                0x0000013a       0x39 Drivers\STM32F4xx_HAL_Driver\Src\stm32f4xx_hal_gpio.o
 .ARM.attributes
                0x00000173       0x39 Drivers\STM32F4xx_HAL_Driver\Src\stm32f4xx_hal_pcd.o
 .ARM.attributes
                0x000001ac       0x39 Drivers\STM32F4xx_HAL_Driver\Src\stm32f4xx_hal_pcd_ex.o
 .ARM.attributes
                0x000001e5       0x39 Drivers\STM32F4xx_HAL_Driver\Src\stm32f4xx_hal_rcc.o
 .ARM.attributes
                0x0000021e       0x39 Drivers\STM32F4xx_HAL_Driver\Src\stm32f4xx_hal_uart.o
 .ARM.attributes
                0x00000257       0x39 Drivers\STM32F4xx_HAL_Driver\Src\stm32f4xx_ll_usb.o
 .ARM.attributes
                0x00000290       0x39 Middlewares\ST\STM32_USB_Device_Library\Class\CDC\Src\usbd_cdc.o
 .ARM.attributes
                0x000002c9       0x39 Middlewares\ST\STM32_USB_Device_Library\Core\Src\usbd_core.o
 .ARM.attributes
                0x00000302       0x39 Middlewares\ST\STM32_USB_Device_Library\Core\Src\usbd_ctlreq.o
 .ARM.attributes
                0x0000033b       0x39 Middlewares\ST\STM32_USB_Device_Library\Core\Src\usbd_ioreq.o
 .ARM.attributes
                0x00000374       0x39 Middlewares\Third_Party\FreeRTOS\Source\CMSIS_RTOS\cmsis_os.o
 .ARM.attributes
                0x000003ad       0x39 Middlewares\Third_Party\FreeRTOS\Source\list.o
 .ARM.attributes
                0x000003e6       0x39 Middlewares\Third_Party\FreeRTOS\Source\portable\GCC\ARM_CM4F\port.o
 .ARM.attributes
                0x0000041f       0x39 Middlewares\Third_Party\FreeRTOS\Source\portable\MemMang\heap_4.o
 .ARM.attributes
                0x00000458       0x39 Middlewares\Third_Party\FreeRTOS\Source\tasks.o
 .ARM.attributes
                0x00000491       0x39 Src\can.o
 .ARM.attributes
                0x000004ca       0x39 Src\freertos.o
 .ARM.attributes
                0x00000503       0x39 Src\gpio.o
 .ARM.attributes
                0x0000053c       0x39 Src\main.o
 .ARM.attributes
                0x00000575       0x39 Src\stm32f4xx_hal_msp.o
 .ARM.attributes
                0x000005ae       0x39 Src\stm32f4xx_it.o
 .ARM.attributes
                0x000005e7       0x39 Src\syscalls.o
 .ARM.attributes
                0x00000620       0x39 Src\system_stm32f4xx.o
 .ARM.attributes
                0x00000659       0x39 Src\usart.o
 .ARM.attributes
                0x00000692       0x39 Src\usb_device.o
 .ARM.attributes
                0x000006cb       0x39 Src\usbd_cdc_if.o
 .ARM.attributes
                0x00000704       0x39 Src\usbd_conf.o
 .ARM.attributes
                0x0000073d       0x39 Src\usbd_desc.o
 .ARM.attributes
                0x00000776       0x21 startup\startup_stm32f407xx.o
 .ARM.attributes
                0x00000797       0x34 d:/program files/truestudio for stm32 9.2.0/armtools/bin/../lib/gcc/arm-atollic-eabi/6.3.1/../../../../arm-atollic-eabi/lib/armv7e-m/fpu\libc_nano.a(lib_a-errno.o)
 .ARM.attributes
                0x000007cb       0x34 d:/program files/truestudio for stm32 9.2.0/armtools/bin/../lib/gcc/arm-atollic-eabi/6.3.1/../../../../arm-atollic-eabi/lib/armv7e-m/fpu\libc_nano.a(lib_a-impure.o)
 .ARM.attributes
                0x000007ff       0x34 d:/program files/truestudio for stm32 9.2.0/armtools/bin/../lib/gcc/arm-atollic-eabi/6.3.1/../../../../arm-atollic-eabi/lib/armv7e-m/fpu\libc_nano.a(lib_a-init.o)
 .ARM.attributes
                0x00000833       0x34 d:/program files/truestudio for stm32 9.2.0/armtools/bin/../lib/gcc/arm-atollic-eabi/6.3.1/../../../../arm-atollic-eabi/lib/armv7e-m/fpu\libc_nano.a(lib_a-malloc.o)
 .ARM.attributes
                0x00000867       0x34 d:/program files/truestudio for stm32 9.2.0/armtools/bin/../lib/gcc/arm-atollic-eabi/6.3.1/../../../../arm-atollic-eabi/lib/armv7e-m/fpu\libc_nano.a(lib_a-memset.o)
 .ARM.attributes
                0x0000089b       0x34 d:/program files/truestudio for stm32 9.2.0/armtools/bin/../lib/gcc/arm-atollic-eabi/6.3.1/../../../../arm-atollic-eabi/lib/armv7e-m/fpu\libc_nano.a(lib_a-nano-freer.o)
 .ARM.attributes
                0x000008cf       0x34 d:/program files/truestudio for stm32 9.2.0/armtools/bin/../lib/gcc/arm-atollic-eabi/6.3.1/../../../../arm-atollic-eabi/lib/armv7e-m/fpu\libc_nano.a(lib_a-nano-mallocr.o)
 .ARM.attributes
                0x00000903       0x34 d:/program files/truestudio for stm32 9.2.0/armtools/bin/../lib/gcc/arm-atollic-eabi/6.3.1/../../../../arm-atollic-eabi/lib/armv7e-m/fpu\libc_nano.a(lib_a-printf.o)
 .ARM.attributes
                0x00000937       0x34 d:/program files/truestudio for stm32 9.2.0/armtools/bin/../lib/gcc/arm-atollic-eabi/6.3.1/../../../../arm-atollic-eabi/lib/armv7e-m/fpu\libc_nano.a(lib_a-puts.o)
 .ARM.attributes
                0x0000096b       0x34 d:/program files/truestudio for stm32 9.2.0/armtools/bin/../lib/gcc/arm-atollic-eabi/6.3.1/../../../../arm-atollic-eabi/lib/armv7e-m/fpu\libc_nano.a(lib_a-sbrkr.o)
 .ARM.attributes
                0x0000099f       0x34 d:/program files/truestudio for stm32 9.2.0/armtools/bin/../lib/gcc/arm-atollic-eabi/6.3.1/../../../../arm-atollic-eabi/lib/armv7e-m/fpu\libc_nano.a(lib_a-wbuf.o)
 .ARM.attributes
                0x000009d3       0x34 d:/program files/truestudio for stm32 9.2.0/armtools/bin/../lib/gcc/arm-atollic-eabi/6.3.1/../../../../arm-atollic-eabi/lib/armv7e-m/fpu\libc_nano.a(lib_a-wsetup.o)
 .ARM.attributes
                0x00000a07       0x34 d:/program files/truestudio for stm32 9.2.0/armtools/bin/../lib/gcc/arm-atollic-eabi/6.3.1/../../../../arm-atollic-eabi/lib/armv7e-m/fpu\libc_nano.a(lib_a-fflush.o)
 .ARM.attributes
                0x00000a3b       0x34 d:/program files/truestudio for stm32 9.2.0/armtools/bin/../lib/gcc/arm-atollic-eabi/6.3.1/../../../../arm-atollic-eabi/lib/armv7e-m/fpu\libc_nano.a(lib_a-findfp.o)
 .ARM.attributes
                0x00000a6f       0x34 d:/program files/truestudio for stm32 9.2.0/armtools/bin/../lib/gcc/arm-atollic-eabi/6.3.1/../../../../arm-atollic-eabi/lib/armv7e-m/fpu\libc_nano.a(lib_a-fwalk.o)
 .ARM.attributes
                0x00000aa3       0x34 d:/program files/truestudio for stm32 9.2.0/armtools/bin/../lib/gcc/arm-atollic-eabi/6.3.1/../../../../arm-atollic-eabi/lib/armv7e-m/fpu\libc_nano.a(lib_a-makebuf.o)
 .ARM.attributes
                0x00000ad7       0x34 d:/program files/truestudio for stm32 9.2.0/armtools/bin/../lib/gcc/arm-atollic-eabi/6.3.1/../../../../arm-atollic-eabi/lib/armv7e-m/fpu\libc_nano.a(lib_a-mlock.o)
 .ARM.attributes
                0x00000b0b       0x34 d:/program files/truestudio for stm32 9.2.0/armtools/bin/../lib/gcc/arm-atollic-eabi/6.3.1/../../../../arm-atollic-eabi/lib/armv7e-m/fpu\libc_nano.a(lib_a-nano-vfprintf.o)
 .ARM.attributes
                0x00000b3f       0x34 d:/program files/truestudio for stm32 9.2.0/armtools/bin/../lib/gcc/arm-atollic-eabi/6.3.1/../../../../arm-atollic-eabi/lib/armv7e-m/fpu\libc_nano.a(lib_a-nano-vfprintf_i.o)
 .ARM.attributes
                0x00000b73       0x34 d:/program files/truestudio for stm32 9.2.0/armtools/bin/../lib/gcc/arm-atollic-eabi/6.3.1/../../../../arm-atollic-eabi/lib/armv7e-m/fpu\libc_nano.a(lib_a-reent.o)
 .ARM.attributes
                0x00000ba7       0x34 d:/program files/truestudio for stm32 9.2.0/armtools/bin/../lib/gcc/arm-atollic-eabi/6.3.1/../../../../arm-atollic-eabi/lib/armv7e-m/fpu\libc_nano.a(lib_a-stdio.o)
 .ARM.attributes
                0x00000bdb       0x34 d:/program files/truestudio for stm32 9.2.0/armtools/bin/../lib/gcc/arm-atollic-eabi/6.3.1/../../../../arm-atollic-eabi/lib/armv7e-m/fpu\libc_nano.a(lib_a-writer.o)
 .ARM.attributes
                0x00000c0f       0x34 d:/program files/truestudio for stm32 9.2.0/armtools/bin/../lib/gcc/arm-atollic-eabi/6.3.1/../../../../arm-atollic-eabi/lib/armv7e-m/fpu\libc_nano.a(lib_a-closer.o)
 .ARM.attributes
                0x00000c43       0x34 d:/program files/truestudio for stm32 9.2.0/armtools/bin/../lib/gcc/arm-atollic-eabi/6.3.1/../../../../arm-atollic-eabi/lib/armv7e-m/fpu\libc_nano.a(lib_a-fstatr.o)
 .ARM.attributes
                0x00000c77       0x34 d:/program files/truestudio for stm32 9.2.0/armtools/bin/../lib/gcc/arm-atollic-eabi/6.3.1/../../../../arm-atollic-eabi/lib/armv7e-m/fpu\libc_nano.a(lib_a-isattyr.o)
 .ARM.attributes
                0x00000cab       0x34 d:/program files/truestudio for stm32 9.2.0/armtools/bin/../lib/gcc/arm-atollic-eabi/6.3.1/../../../../arm-atollic-eabi/lib/armv7e-m/fpu\libc_nano.a(lib_a-lseekr.o)
 .ARM.attributes
                0x00000cdf       0x20 d:/program files/truestudio for stm32 9.2.0/armtools/bin/../lib/gcc/arm-atollic-eabi/6.3.1/../../../../arm-atollic-eabi/lib/armv7e-m/fpu\libc_nano.a(lib_a-memchr.o)
 .ARM.attributes
                0x00000cff       0x34 d:/program files/truestudio for stm32 9.2.0/armtools/bin/../lib/gcc/arm-atollic-eabi/6.3.1/../../../../arm-atollic-eabi/lib/armv7e-m/fpu\libc_nano.a(lib_a-readr.o)
 .ARM.attributes
                0x00000d33       0x22 d:/program files/truestudio for stm32 9.2.0/armtools/bin/../lib/gcc/arm-atollic-eabi/6.3.1/armv7e-m/fpu\libgcc.a(_aeabi_uldivmod.o)
 .ARM.attributes
                0x00000d55       0x34 d:/program files/truestudio for stm32 9.2.0/armtools/bin/../lib/gcc/arm-atollic-eabi/6.3.1/armv7e-m/fpu\libgcc.a(_udivmoddi4.o)
 .ARM.attributes
                0x00000d89       0x22 d:/program files/truestudio for stm32 9.2.0/armtools/bin/../lib/gcc/arm-atollic-eabi/6.3.1/armv7e-m/fpu\libgcc.a(_dvmd_tls.o)
 .ARM.attributes
                0x00000dab       0x22 d:/program files/truestudio for stm32 9.2.0/armtools/bin/../lib/gcc/arm-atollic-eabi/6.3.1/armv7e-m/fpu/crtn.o
OUTPUT(Explorer_USB_CAN.elf elf32-littlearm)

.debug_info     0x00000000    0x22999
 .debug_info    0x00000000      0x9ef Drivers\STM32F4xx_HAL_Driver\Src\stm32f4xx_hal.o
 .debug_info    0x000009ef     0x10ae Drivers\STM32F4xx_HAL_Driver\Src\stm32f4xx_hal_can.o
 .debug_info    0x00001a9d      0xf39 Drivers\STM32F4xx_HAL_Driver\Src\stm32f4xx_hal_cortex.o
 .debug_info    0x000029d6      0xa4c Drivers\STM32F4xx_HAL_Driver\Src\stm32f4xx_hal_dma.o
 .debug_info    0x00003422      0x775 Drivers\STM32F4xx_HAL_Driver\Src\stm32f4xx_hal_gpio.o
 .debug_info    0x00003b97     0x1746 Drivers\STM32F4xx_HAL_Driver\Src\stm32f4xx_hal_pcd.o
 .debug_info    0x000052dd      0x704 Drivers\STM32F4xx_HAL_Driver\Src\stm32f4xx_hal_pcd_ex.o
 .debug_info    0x000059e1      0xa57 Drivers\STM32F4xx_HAL_Driver\Src\stm32f4xx_hal_rcc.o
 .debug_info    0x00006438     0x16c9 Drivers\STM32F4xx_HAL_Driver\Src\stm32f4xx_hal_uart.o
 .debug_info    0x00007b01     0x1b55 Drivers\STM32F4xx_HAL_Driver\Src\stm32f4xx_ll_usb.o
 .debug_info    0x00009656     0x19f9 Middlewares\ST\STM32_USB_Device_Library\Class\CDC\Src\usbd_cdc.o
 .debug_info    0x0000b04f     0x14b4 Middlewares\ST\STM32_USB_Device_Library\Core\Src\usbd_core.o
 .debug_info    0x0000c503     0x14cf Middlewares\ST\STM32_USB_Device_Library\Core\Src\usbd_ctlreq.o
 .debug_info    0x0000d9d2      0xfd7 Middlewares\ST\STM32_USB_Device_Library\Core\Src\usbd_ioreq.o
 .debug_info    0x0000e9a9     0x293d Middlewares\Third_Party\FreeRTOS\Source\CMSIS_RTOS\cmsis_os.o
 .debug_info    0x000112e6      0xac5 Middlewares\Third_Party\FreeRTOS\Source\list.o
 .debug_info    0x00011dab      0x572 Middlewares\Third_Party\FreeRTOS\Source\portable\GCC\ARM_CM4F\port.o
 .debug_info    0x0001231d      0xca5 Middlewares\Third_Party\FreeRTOS\Source\portable\MemMang\heap_4.o
 .debug_info    0x00012fc2     0x2e2d Middlewares\Third_Party\FreeRTOS\Source\tasks.o
 .debug_info    0x00015def      0xe1f Src\can.o
 .debug_info    0x00016c0e     0x1166 Src\freertos.o
 .debug_info    0x00017d74      0x524 Src\gpio.o
 .debug_info    0x00018298     0x16ad Src\main.o
 .debug_info    0x00019945      0x560 Src\stm32f4xx_hal_msp.o
 .debug_info    0x00019ea5      0xeea Src\stm32f4xx_it.o
 .debug_info    0x0001ad8f      0xfe1 Src\syscalls.o
 .debug_info    0x0001bd70      0x50a Src\system_stm32f4xx.o
 .debug_info    0x0001c27a     0x155f Src\usart.o
 .debug_info    0x0001d7d9      0xee6 Src\usb_device.o
 .debug_info    0x0001e6bf     0x10a2 Src\usbd_cdc_if.o
 .debug_info    0x0001f761     0x2394 Src\usbd_conf.o
 .debug_info    0x00021af5      0xe44 Src\usbd_desc.o
 .debug_info    0x00022939       0x60 startup\startup_stm32f407xx.o

.debug_abbrev   0x00000000     0x53bb
 .debug_abbrev  0x00000000      0x23d Drivers\STM32F4xx_HAL_Driver\Src\stm32f4xx_hal.o
 .debug_abbrev  0x0000023d      0x2c4 Drivers\STM32F4xx_HAL_Driver\Src\stm32f4xx_hal_can.o
 .debug_abbrev  0x00000501      0x314 Drivers\STM32F4xx_HAL_Driver\Src\stm32f4xx_hal_cortex.o
 .debug_abbrev  0x00000815      0x2e8 Drivers\STM32F4xx_HAL_Driver\Src\stm32f4xx_hal_dma.o
 .debug_abbrev  0x00000afd      0x1ef Drivers\STM32F4xx_HAL_Driver\Src\stm32f4xx_hal_gpio.o
 .debug_abbrev  0x00000cec      0x350 Drivers\STM32F4xx_HAL_Driver\Src\stm32f4xx_hal_pcd.o
 .debug_abbrev  0x0000103c      0x1de Drivers\STM32F4xx_HAL_Driver\Src\stm32f4xx_hal_pcd_ex.o
 .debug_abbrev  0x0000121a      0x2cb Drivers\STM32F4xx_HAL_Driver\Src\stm32f4xx_hal_rcc.o
 .debug_abbrev  0x000014e5      0x2fb Drivers\STM32F4xx_HAL_Driver\Src\stm32f4xx_hal_uart.o
 .debug_abbrev  0x000017e0      0x33b Drivers\STM32F4xx_HAL_Driver\Src\stm32f4xx_ll_usb.o
 .debug_abbrev  0x00001b1b      0x2f8 Middlewares\ST\STM32_USB_Device_Library\Class\CDC\Src\usbd_cdc.o
 .debug_abbrev  0x00001e13      0x322 Middlewares\ST\STM32_USB_Device_Library\Core\Src\usbd_core.o
 .debug_abbrev  0x00002135      0x3b9 Middlewares\ST\STM32_USB_Device_Library\Core\Src\usbd_ctlreq.o
 .debug_abbrev  0x000024ee      0x1f7 Middlewares\ST\STM32_USB_Device_Library\Core\Src\usbd_ioreq.o
 .debug_abbrev  0x000026e5      0x457 Middlewares\Third_Party\FreeRTOS\Source\CMSIS_RTOS\cmsis_os.o
 .debug_abbrev  0x00002b3c      0x1ea Middlewares\Third_Party\FreeRTOS\Source\list.o
 .debug_abbrev  0x00002d26      0x23a Middlewares\Third_Party\FreeRTOS\Source\portable\GCC\ARM_CM4F\port.o
 .debug_abbrev  0x00002f60      0x314 Middlewares\Third_Party\FreeRTOS\Source\portable\MemMang\heap_4.o
 .debug_abbrev  0x00003274      0x42a Middlewares\Third_Party\FreeRTOS\Source\tasks.o
 .debug_abbrev  0x0000369e      0x205 Src\can.o
 .debug_abbrev  0x000038a3      0x272 Src\freertos.o
 .debug_abbrev  0x00003b15      0x173 Src\gpio.o
 .debug_abbrev  0x00003c88      0x28c Src\main.o
 .debug_abbrev  0x00003f14      0x137 Src\stm32f4xx_hal_msp.o
 .debug_abbrev  0x0000404b      0x230 Src\stm32f4xx_it.o
 .debug_abbrev  0x0000427b      0x2d9 Src\syscalls.o
 .debug_abbrev  0x00004554      0x10e Src\system_stm32f4xx.o
 .debug_abbrev  0x00004662      0x27e Src\usart.o
 .debug_abbrev  0x000048e0      0x1fe Src\usb_device.o
 .debug_abbrev  0x00004ade      0x2ba Src\usbd_cdc_if.o
 .debug_abbrev  0x00004d98      0x348 Src\usbd_conf.o
 .debug_abbrev  0x000050e0      0x2c9 Src\usbd_desc.o
 .debug_abbrev  0x000053a9       0x12 startup\startup_stm32f407xx.o

.debug_loc      0x00000000     0xaf0d
 .debug_loc     0x00000000      0x11b Drivers\STM32F4xx_HAL_Driver\Src\stm32f4xx_hal.o
 .debug_loc     0x0000011b      0xa46 Drivers\STM32F4xx_HAL_Driver\Src\stm32f4xx_hal_can.o
 .debug_loc     0x00000b61      0x4fb Drivers\STM32F4xx_HAL_Driver\Src\stm32f4xx_hal_cortex.o